Archive member included to satisfy reference by file (symbol)

/home/joren/st/stm32cubeide_1.17.0/plugins/com.st.stm32cube.ide.mcu.externaltools.gnu-tools-for-stm32.12.3.rel1.linux64_1.1.0.202410170702/tools/bin/../lib/gcc/arm-none-eabi/12.3.1/../../../../arm-none-eabi/lib/thumb/v7e-m+fp/hard/libc_nano.a(libc_a-calloc.o)
                              ./Core/Src/as5600.o (calloc)
/home/joren/st/stm32cubeide_1.17.0/plugins/com.st.stm32cube.ide.mcu.externaltools.gnu-tools-for-stm32.12.3.rel1.linux64_1.1.0.202410170702/tools/bin/../lib/gcc/arm-none-eabi/12.3.1/../../../../arm-none-eabi/lib/thumb/v7e-m+fp/hard/libc_nano.a(libc_a-callocr.o)
                              /home/joren/st/stm32cubeide_1.17.0/plugins/com.st.stm32cube.ide.mcu.externaltools.gnu-tools-for-stm32.12.3.rel1.linux64_1.1.0.202410170702/tools/bin/../lib/gcc/arm-none-eabi/12.3.1/../../../../arm-none-eabi/lib/thumb/v7e-m+fp/hard/libc_nano.a(libc_a-calloc.o) (_calloc_r)
/home/joren/st/stm32cubeide_1.17.0/plugins/com.st.stm32cube.ide.mcu.externaltools.gnu-tools-for-stm32.12.3.rel1.linux64_1.1.0.202410170702/tools/bin/../lib/gcc/arm-none-eabi/12.3.1/../../../../arm-none-eabi/lib/thumb/v7e-m+fp/hard/libc_nano.a(libc_a-exit.o)
                              /home/joren/st/stm32cubeide_1.17.0/plugins/com.st.stm32cube.ide.mcu.externaltools.gnu-tools-for-stm32.12.3.rel1.linux64_1.1.0.202410170702/tools/bin/../lib/gcc/arm-none-eabi/12.3.1/../../../../arm-none-eabi/lib/thumb/v7e-m+fp/hard/crt0.o (exit)
/home/joren/st/stm32cubeide_1.17.0/plugins/com.st.stm32cube.ide.mcu.externaltools.gnu-tools-for-stm32.12.3.rel1.linux64_1.1.0.202410170702/tools/bin/../lib/gcc/arm-none-eabi/12.3.1/../../../../arm-none-eabi/lib/thumb/v7e-m+fp/hard/libc_nano.a(libc_a-mallocr.o)
                              /home/joren/st/stm32cubeide_1.17.0/plugins/com.st.stm32cube.ide.mcu.externaltools.gnu-tools-for-stm32.12.3.rel1.linux64_1.1.0.202410170702/tools/bin/../lib/gcc/arm-none-eabi/12.3.1/../../../../arm-none-eabi/lib/thumb/v7e-m+fp/hard/libc_nano.a(libc_a-callocr.o) (_malloc_r)
/home/joren/st/stm32cubeide_1.17.0/plugins/com.st.stm32cube.ide.mcu.externaltools.gnu-tools-for-stm32.12.3.rel1.linux64_1.1.0.202410170702/tools/bin/../lib/gcc/arm-none-eabi/12.3.1/../../../../arm-none-eabi/lib/thumb/v7e-m+fp/hard/libc_nano.a(libc_a-mlock.o)
                              /home/joren/st/stm32cubeide_1.17.0/plugins/com.st.stm32cube.ide.mcu.externaltools.gnu-tools-for-stm32.12.3.rel1.linux64_1.1.0.202410170702/tools/bin/../lib/gcc/arm-none-eabi/12.3.1/../../../../arm-none-eabi/lib/thumb/v7e-m+fp/hard/libc_nano.a(libc_a-mallocr.o) (__malloc_lock)
/home/joren/st/stm32cubeide_1.17.0/plugins/com.st.stm32cube.ide.mcu.externaltools.gnu-tools-for-stm32.12.3.rel1.linux64_1.1.0.202410170702/tools/bin/../lib/gcc/arm-none-eabi/12.3.1/../../../../arm-none-eabi/lib/thumb/v7e-m+fp/hard/libc_nano.a(libc_a-findfp.o)
                              /home/joren/st/stm32cubeide_1.17.0/plugins/com.st.stm32cube.ide.mcu.externaltools.gnu-tools-for-stm32.12.3.rel1.linux64_1.1.0.202410170702/tools/bin/../lib/gcc/arm-none-eabi/12.3.1/../../../../arm-none-eabi/lib/thumb/v7e-m+fp/hard/libc_nano.a(libc_a-exit.o) (__stdio_exit_handler)
/home/joren/st/stm32cubeide_1.17.0/plugins/com.st.stm32cube.ide.mcu.externaltools.gnu-tools-for-stm32.12.3.rel1.linux64_1.1.0.202410170702/tools/bin/../lib/gcc/arm-none-eabi/12.3.1/../../../../arm-none-eabi/lib/thumb/v7e-m+fp/hard/libc_nano.a(libc_a-fwalk.o)
                              /home/joren/st/stm32cubeide_1.17.0/plugins/com.st.stm32cube.ide.mcu.externaltools.gnu-tools-for-stm32.12.3.rel1.linux64_1.1.0.202410170702/tools/bin/../lib/gcc/arm-none-eabi/12.3.1/../../../../arm-none-eabi/lib/thumb/v7e-m+fp/hard/libc_nano.a(libc_a-findfp.o) (_fwalk_sglue)
/home/joren/st/stm32cubeide_1.17.0/plugins/com.st.stm32cube.ide.mcu.externaltools.gnu-tools-for-stm32.12.3.rel1.linux64_1.1.0.202410170702/tools/bin/../lib/gcc/arm-none-eabi/12.3.1/../../../../arm-none-eabi/lib/thumb/v7e-m+fp/hard/libc_nano.a(libc_a-stdio.o)
                              /home/joren/st/stm32cubeide_1.17.0/plugins/com.st.stm32cube.ide.mcu.externaltools.gnu-tools-for-stm32.12.3.rel1.linux64_1.1.0.202410170702/tools/bin/../lib/gcc/arm-none-eabi/12.3.1/../../../../arm-none-eabi/lib/thumb/v7e-m+fp/hard/libc_nano.a(libc_a-findfp.o) (__sread)
/home/joren/st/stm32cubeide_1.17.0/plugins/com.st.stm32cube.ide.mcu.externaltools.gnu-tools-for-stm32.12.3.rel1.linux64_1.1.0.202410170702/tools/bin/../lib/gcc/arm-none-eabi/12.3.1/../../../../arm-none-eabi/lib/thumb/v7e-m+fp/hard/libc_nano.a(libc_a-memset.o)
                              /home/joren/st/stm32cubeide_1.17.0/plugins/com.st.stm32cube.ide.mcu.externaltools.gnu-tools-for-stm32.12.3.rel1.linux64_1.1.0.202410170702/tools/bin/../lib/gcc/arm-none-eabi/12.3.1/../../../../arm-none-eabi/lib/thumb/v7e-m+fp/hard/crt0.o (memset)
[...]
Memory Configuration

Name             Origin             Length             Attributes
RAM              0x20000000         0x00020000         xrw
FLASH            0x08000000         0x00080000         xr
*default*        0x00000000         0xffffffff

Linker script and memory map

LOAD /home/joren/st/stm32cubeide_1.17.0/plugins/com.st.stm32cube.ide.mcu.externaltools.gnu-tools-for-stm32.12.3.rel1.linux64_1.1.0.202410170702/tools/bin/../lib/gcc/arm-none-eabi/12.3.1/thumb/v7e-m+fp/hard/crti.o
LOAD /home/joren/st/stm32cubeide_1.17.0/plugins/com.st.stm32cube.ide.mcu.externaltools.gnu-tools-for-stm32.12.3.rel1.linux64_1.1.0.202410170702/tools/bin/../lib/gcc/arm-none-eabi/12.3.1/thumb/v7e-m+fp/hard/crtbegin.o
LOAD /home/joren/st/stm32cubeide_1.17.0/plugins/com.st.stm32cube.ide.mcu.externaltools.gnu-tools-for-stm32.12.3.rel1.linux64_1.1.0.202410170702/tools/bin/../lib/gcc/arm-none-eabi/12.3.1/../../../../arm-none-eabi/lib/thumb/v7e-m+fp/hard/crt0.o
LOAD ./Core/Src/as5600.o
LOAD ./Core/Src/main.o
LOAD ./Core/Src/stm32f4xx_hal_msp.o
LOAD ./Core/Src/stm32f4xx_it.o
LOAD ./Core/Src/syscalls.o
LOAD ./Core/Src/sysmem.o
LOAD ./Core/Src/system_stm32f4xx.o
LOAD ./Core/Startup/startup_stm32f411ceux.o
LOAD ./Drivers/STM32F4xx_HAL_Driver/Src/stm32f4xx_hal.o
LOAD ./Drivers/STM32F4xx_HAL_Driver/Src/stm32f4xx_hal_cortex.o
LOAD ./Drivers/STM32F4xx_HAL_Driver/Src/stm32f4xx_hal_dma.o
LOAD ./Drivers/STM32F4xx_HAL_Driver/Src/stm32f4xx_hal_dma_ex.o
LOAD ./Drivers/STM32F4xx_HAL_Driver/Src/stm32f4xx_hal_exti.o
LOAD ./Drivers/STM32F4xx_HAL_Driver/Src/stm32f4xx_hal_flash.o
LOAD ./Drivers/STM32F4xx_HAL_Driver/Src/stm32f4xx_hal_flash_ex.o
LOAD ./Drivers/STM32F4xx_HAL_Driver/Src/stm32f4xx_hal_flash_ramfunc.o
LOAD ./Drivers/STM32F4xx_HAL_Driver/Src/stm32f4xx_hal_gpio.o
LOAD ./Drivers/STM32F4xx_HAL_Driver/Src/stm32f4xx_hal_i2c.o
LOAD ./Drivers/STM32F4xx_HAL_Driver/Src/stm32f4xx_hal_i2c_ex.o
LOAD ./Drivers/STM32F4xx_HAL_Driver/Src/stm32f4xx_hal_pcd.o
LOAD ./Drivers/STM32F4xx_HAL_Driver/Src/stm32f4xx_hal_pcd_ex.o
LOAD ./Drivers/STM32F4xx_HAL_Driver/Src/stm32f4xx_hal_pwr.o
LOAD ./Drivers/STM32F4xx_HAL_Driver/Src/stm32f4xx_hal_pwr_ex.o
LOAD ./Drivers/STM32F4xx_HAL_Driver/Src/stm32f4xx_hal_rcc.o
LOAD ./Drivers/STM32F4xx_HAL_Driver/Src/stm32f4xx_hal_rcc_ex.o
LOAD ./Drivers/STM32F4xx_HAL_Driver/Src/stm32f4xx_ll_usb.o
LOAD ./Middlewares/ST/STM32_USB_Device_Library/Class/HID/Src/usbd_hid.o
LOAD ./Middlewares/ST/STM32_USB_Device_Library/Core/Src/usbd_core.o
LOAD ./Middlewares/ST/STM32_USB_Device_Library/Core/Src/usbd_ctlreq.o
LOAD ./Middlewares/ST/STM32_USB_Device_Library/Core/Src/usbd_ioreq.o
LOAD ./USB_DEVICE/App/usb_device.o
LOAD ./USB_DEVICE/App/usbd_desc.o
LOAD ./USB_DEVICE/Target/usbd_conf.o
START GROUP
LOAD /home/joren/st/stm32cubeide_1.17.0/plugins/com.st.stm32cube.ide.mcu.externaltools.gnu-tools-for-stm32.12.3.rel1.linux64_1.1.0.202410170702/tools/bin/../lib/gcc/arm-none-eabi/12.3.1/../../../../arm-none-eabi/lib/thumb/v7e-m+fp/hard/libc_nano.a
LOAD /home/joren/st/stm32cubeide_1.17.0/plugins/com.st.stm32cube.ide.mcu.externaltools.gnu-tools-for-stm32.12.3.rel1.linux64_1.1.0.202410170702/tools/bin/../lib/gcc/arm-none-eabi/12.3.1/../../../../arm-none-eabi/lib/thumb/v7e-m+fp/hard/libm.a
END GROUP
START GROUP
LOAD /home/joren/st/stm32cubeide_1.17.0/plugins/com.st.stm32cube.ide.mcu.externaltools.gnu-tools-for-stm32.12.3.rel1.linux64_1.1.0.202410170702/tools/bin/../lib/gcc/arm-none-eabi/12.3.1/thumb/v7e-m+fp/hard/libgcc.a
LOAD /home/joren/st/stm32cubeide_1.17.0/plugins/com.st.stm32cube.ide.mcu.externaltools.gnu-tools-for-stm32.12.3.rel1.linux64_1.1.0.202410170702/tools/bin/../lib/gcc/arm-none-eabi/12.3.1/../../../../arm-none-eabi/lib/thumb/v7e-m+fp/hard/libc_nano.a
END GROUP
START GROUP
LOAD /home/joren/st/stm32cubeide_1.17.0/plugins/com.st.stm32cube.ide.mcu.externaltools.gnu-tools-for-stm32.12.3.rel1.linux64_1.1.0.202410170702/tools/bin/../lib/gcc/arm-none-eabi/12.3.1/thumb/v7e-m+fp/hard/libgcc.a
LOAD /home/joren/st/stm32cubeide_1.17.0/plugins/com.st.stm32cube.ide.mcu.externaltools.gnu-tools-for-stm32.12.3.rel1.linux64_1.1.0.202410170702/tools/bin/../lib/gcc/arm-none-eabi/12.3.1/../../../../arm-none-eabi/lib/thumb/v7e-m+fp/hard/libc_nano.a
LOAD /home/joren/st/stm32cubeide_1.17.0/plugins/com.st.stm32cube.ide.mcu.externaltools.gnu-tools-for-stm32.12.3.rel1.linux64_1.1.0.202410170702/tools/bin/../lib/gcc/arm-none-eabi/12.3.1/../../../../arm-none-eabi/lib/thumb/v7e-m+fp/hard/libnosys.a
END GROUP
START GROUP
LOAD /home/joren/st/stm32cubeide_1.17.0/plugins/com.st.stm32cube.ide.mcu.externaltools.gnu-tools-for-stm32.12.3.rel1.linux64_1.1.0.202410170702/tools/bin/../lib/gcc/arm-none-eabi/12.3.1/thumb/v7e-m+fp/hard/libgcc.a
LOAD /home/joren/st/stm32cubeide_1.17.0/plugins/com.st.stm32cube.ide.mcu.externaltools.gnu-tools-for-stm32.12.3.rel1.linux64_1.1.0.202410170702/tools/bin/../lib/gcc/arm-none-eabi/12.3.1/../../../../arm-none-eabi/lib/thumb/v7e-m+fp/hard/libc_nano.a
LOAD /home/joren/st/stm32cubeide_1.17.0/plugins/com.st.stm32cube.ide.mcu.externaltools.gnu-tools-for-stm32.12.3.rel1.linux64_1.1.0.202410170702/tools/bin/../lib/gcc/arm-none-eabi/12.3.1/../../../../arm-none-eabi/lib/thumb/v7e-m+fp/hard/libnosys.a
END GROUP
LOAD /home/joren/st/stm32cubeide_1.17.0/plugins/com.st.stm32cube.ide.mcu.externaltools.gnu-tools-for-stm32.12.3.rel1.linux64_1.1.0.202410170702/tools/bin/../lib/gcc/arm-none-eabi/12.3.1/thumb/v7e-m+fp/hard/crtend.o
LOAD /home/joren/st/stm32cubeide_1.17.0/plugins/com.st.stm32cube.ide.mcu.externaltools.gnu-tools-for-stm32.12.3.rel1.linux64_1.1.0.202410170702/tools/bin/../lib/gcc/arm-none-eabi/12.3.1/thumb/v7e-m+fp/hard/crtn.o
                0x20020000                        _estack = (ORIGIN (RAM) + LENGTH (RAM))
                0x00000200                        _Min_Heap_Size = 0x200
                0x00000400                        _Min_Stack_Size = 0x400

.isr_vector     0x08000000      0x198
                0x08000000                        . = ALIGN (0x4)
 *(.isr_vector)
 .isr_vector    0x08000000      0x198 ./Core/Startup/startup_stm32f411ceux.o
                0x08000000                g_pfnVectors
                0x08000198                        . = ALIGN (0x4)

.text           0x08000198     0x99c8
                0x08000198                        . = ALIGN (0x4)
 *(.text)
 .text          0x08000198       0x40 /home/joren/st/stm32cubeide_1.17.0/plugins/com.st.stm32cube.ide.mcu.externaltools.gnu-tools-for-stm32.12.3.rel1.linux64_1.1.0.202410170702/tools/bin/../lib/gcc/arm-none-eabi/12.3.1/thumb/v7e-m+fp/hard/crtbegin.o
 .text          0x080001d8       0x30 /home/joren/st/stm32cubeide_1.17.0/plugins/com.st.stm32cube.ide.mcu.externaltools.gnu-tools-for-stm32.12.3.rel1.linux64_1.1.0.202410170702/tools/bin/../lib/gcc/arm-none-eabi/12.3.1/thumb/v7e-m+fp/hard/libgcc.a(_aeabi_uldivmod.o)
                0x080001d8                __aeabi_uldivmod
 .text          0x08000208      0x2bc /home/joren/st/stm32cubeide_1.17.0/plugins/com.st.stm32cube.ide.mcu.externaltools.gnu-tools-for-stm32.12.3.rel1.linux64_1.1.0.202410170702/tools/bin/../lib/gcc/arm-none-eabi/12.3.1/thumb/v7e-m+fp/hard/libgcc.a(_udivmoddi4.o)
                0x08000208                __udivmoddi4
 .text          0x080004c4        0x4 /home/joren/st/stm32cubeide_1.17.0/plugins/com.st.stm32cube.ide.mcu.externaltools.gnu-tools-for-stm32.12.3.rel1.linux64_1.1.0.202410170702/tools/bin/../lib/gcc/arm-none-eabi/12.3.1/thumb/v7e-m+fp/hard/libgcc.a(_dvmd_tls.o)
                0x080004c4                __aeabi_ldiv0
                0x080004c4                __aeabi_idiv0
 *(.text*)
 .text.AS5600_New
                0x080004c8       0x1c ./Core/Src/as5600.o
                0x080004c8                AS5600_New
 .text.AS5600_Init
                0x080004e4      0x4d4 ./Core/Src/as5600.o
                0x080004e4                AS5600_Init
 .text.AS5600_GetAngle
                0x080009b8       0x5c ./Core/Src/as5600.o
                0x080009b8                AS5600_GetAngle
 .text.AS5600_GetMagnetStatus
                0x08000a14       0x42 ./Core/Src/as5600.o
                0x08000a14                AS5600_GetMagnetStatus
 *fill*         0x08000a56        0x2 
 .text.main     0x08000a58      0x15c ./Core/Src/main.o
                0x08000a58                main
 .text.SystemClock_Config
                0x08000bb4       0xd8 ./Core/Src/main.o
                0x08000bb4                SystemClock_Config
 .text.MX_NVIC_Init
                0x08000c8c       0x38 ./Core/Src/main.o
 .text.MX_I2C1_Init
                0x08000cc4       0x5c ./Core/Src/main.o
 .text.MX_GPIO_Init
                0x08000d20       0xc0 ./Core/Src/main.o
 .text.handleEncoder
                0x08000de0       0xc4 ./Core/Src/main.o
                0x08000de0                handleEncoder
 .text.Error_Handler
                0x08000ea4        0xc ./Core/Src/main.o
                0x08000ea4                Error_Handler
 .text.HAL_MspInit
                0x08000eb0       0x50 ./Core/Src/stm32f4xx_hal_msp.o
                0x08000eb0                HAL_MspInit
 .text.HAL_I2C_MspInit
                0x08000f00       0x90 ./Core/Src/stm32f4xx_hal_msp.o
                0x08000f00                HAL_I2C_MspInit
 .text.NMI_Handler
                0x08000f90        0x8 ./Core/Src/stm32f4xx_it.o
                0x08000f90                NMI_Handler
 .text.HardFault_Handler
                0x08000f98        0x8 ./Core/Src/stm32f4xx_it.o
                0x08000f98                HardFault_Handler
 .text.MemManage_Handler
                0x08000fa0        0x8 ./Core/Src/stm32f4xx_it.o
                0x08000fa0                MemManage_Handler
 .text.BusFault_Handler
                0x08000fa8        0x8 ./Core/Src/stm32f4xx_it.o
                0x08000fa8                BusFault_Handler
 .text.UsageFault_Handler
                0x08000fb0        0x8 ./Core/Src/stm32f4xx_it.o
                0x08000fb0                UsageFault_Handler
 .text.SVC_Handler
                0x08000fb8        0xe ./Core/Src/stm32f4xx_it.o
                0x08000fb8                SVC_Handler
 .text.DebugMon_Handler
                0x08000fc6        0xe ./Core/Src/stm32f4xx_it.o
                0x08000fc6                DebugMon_Handler
 .text.PendSV_Handler
                0x08000fd4        0xe ./Core/Src/stm32f4xx_it.o
                0x08000fd4                PendSV_Handler
 .text.SysTick_Handler
                0x08000fe2        0xc ./Core/Src/stm32f4xx_it.o
                0x08000fe2                SysTick_Handler
 *fill*         0x08000fee        0x2 
 .text.I2C1_EV_IRQHandler
                0x08000ff0       0x14 ./Core/Src/stm32f4xx_it.o
                0x08000ff0                I2C1_EV_IRQHandler
 .text.I2C1_ER_IRQHandler
                0x08001004       0x14 ./Core/Src/stm32f4xx_it.o
                0x08001004                I2C1_ER_IRQHandler
 .text.OTG_FS_IRQHandler
                0x08001018       0x14 ./Core/Src/stm32f4xx_it.o
                0x08001018                OTG_FS_IRQHandler
 .text._sbrk    0x0800102c       0x6c ./Core/Src/sysmem.o
                0x0800102c                _sbrk
 .text.SystemInit
                0x08001098       0x24 ./Core/Src/system_stm32f4xx.o
                0x08001098                SystemInit
 .text.Reset_Handler
                0x080010bc       0x50 ./Core/Startup/startup_stm32f411ceux.o
                0x080010bc                Reset_Handler
 .text.Default_Handler
                0x0800110c        0x2 ./Core/Startup/startup_stm32f411ceux.o
                0x0800110c                RTC_Alarm_IRQHandler
                0x0800110c                EXTI2_IRQHandler
                0x0800110c                SPI4_IRQHandler
                0x0800110c                TIM1_CC_IRQHandler
                0x0800110c                DMA2_Stream5_IRQHandler
                0x0800110c                DMA1_Stream5_IRQHandler
                0x0800110c                PVD_IRQHandler
                0x0800110c                SDIO_IRQHandler
                0x0800110c                TAMP_STAMP_IRQHandler
                0x0800110c                EXTI3_IRQHandler
                0x0800110c                TIM1_UP_TIM10_IRQHandler
                0x0800110c                I2C3_ER_IRQHandler
                0x0800110c                EXTI0_IRQHandler
                0x0800110c                I2C2_EV_IRQHandler
                0x0800110c                DMA1_Stream2_IRQHandler
                0x0800110c                FPU_IRQHandler
                0x0800110c                DMA2_Stream2_IRQHandler
                0x0800110c                SPI1_IRQHandler
                0x0800110c                TIM1_BRK_TIM9_IRQHandler
                0x0800110c                DMA2_Stream3_IRQHandler
                0x0800110c                USART6_IRQHandler
                0x0800110c                DMA2_Stream0_IRQHandler
                0x0800110c                TIM4_IRQHandler
                0x0800110c                DMA1_Stream6_IRQHandler
                0x0800110c                DMA1_Stream1_IRQHandler
                0x0800110c                TIM3_IRQHandler
                0x0800110c                RCC_IRQHandler
                0x0800110c                Default_Handler
                0x0800110c                EXTI15_10_IRQHandler
                0x0800110c                ADC_IRQHandler
                0x0800110c                DMA1_Stream7_IRQHandler
                0x0800110c                SPI5_IRQHandler
                0x0800110c                TIM5_IRQHandler
                0x0800110c                DMA2_Stream7_IRQHandler
                0x0800110c                I2C3_EV_IRQHandler
                0x0800110c                EXTI9_5_IRQHandler
                0x0800110c                RTC_WKUP_IRQHandler
                0x0800110c                SPI2_IRQHandler
                0x0800110c                DMA1_Stream0_IRQHandler
                0x0800110c                EXTI4_IRQHandler
                0x0800110c                WWDG_IRQHandler
                0x0800110c                TIM2_IRQHandler
                0x0800110c                OTG_FS_WKUP_IRQHandler
                0x0800110c                TIM1_TRG_COM_TIM11_IRQHandler
                0x0800110c                EXTI1_IRQHandler
                0x0800110c                USART2_IRQHandler
                0x0800110c                I2C2_ER_IRQHandler
                0x0800110c                DMA2_Stream1_IRQHandler
                0x0800110c                FLASH_IRQHandler
                0x0800110c                DMA2_Stream4_IRQHandler
                0x0800110c                USART1_IRQHandler
                0x0800110c                SPI3_IRQHandler
                0x0800110c                DMA1_Stream4_IRQHandler
                0x0800110c                DMA2_Stream6_IRQHandler
                0x0800110c                DMA1_Stream3_IRQHandler
 *fill*         0x0800110e        0x2 
 .text.HAL_Init
                0x08001110       0x44 ./Drivers/STM32F4xx_HAL_Driver/Src/stm32f4xx_hal.o
                0x08001110                HAL_Init
 .text.HAL_InitTick
                0x08001154       0x60 ./Drivers/STM32F4xx_HAL_Driver/Src/stm32f4xx_hal.o
                0x08001154                HAL_InitTick
 .text.HAL_IncTick
                0x080011b4       0x28 ./Drivers/STM32F4xx_HAL_Driver/Src/stm32f4xx_hal.o
                0x080011b4                HAL_IncTick
 .text.HAL_GetTick
                0x080011dc       0x18 ./Drivers/STM32F4xx_HAL_Driver/Src/stm32f4xx_hal.o
                0x080011dc                HAL_GetTick
 .text.HAL_Delay
                0x080011f4       0x48 ./Drivers/STM32F4xx_HAL_Driver/Src/stm32f4xx_hal.o
                0x080011f4                HAL_Delay
 .text.__NVIC_SetPriorityGrouping
                0x0800123c       0x48 ./Drivers/STM32F4xx_HAL_Driver/Src/stm32f4xx_hal_cortex.o
 .text.__NVIC_GetPriorityGrouping
                0x08001284       0x1c ./Drivers/STM32F4xx_HAL_Driver/Src/stm32f4xx_hal_cortex.o
 .text.__NVIC_EnableIRQ
                0x080012a0       0x3c ./Drivers/STM32F4xx_HAL_Driver/Src/stm32f4xx_hal_cortex.o
 .text.__NVIC_SetPriority
                0x080012dc       0x54 ./Drivers/STM32F4xx_HAL_Driver/Src/stm32f4xx_hal_cortex.o
 .text.NVIC_EncodePriority
                0x08001330       0x66 ./Drivers/STM32F4xx_HAL_Driver/Src/stm32f4xx_hal_cortex.o
 *fill*         0x08001396        0x2 
 .text.SysTick_Config
                0x08001398       0x44 ./Drivers/STM32F4xx_HAL_Driver/Src/stm32f4xx_hal_cortex.o
 .text.HAL_NVIC_SetPriorityGrouping
                0x080013dc       0x16 ./Drivers/STM32F4xx_HAL_Driver/Src/stm32f4xx_hal_cortex.o
                0x080013dc                HAL_NVIC_SetPriorityGrouping
 .text.HAL_NVIC_SetPriority
                0x080013f2       0x38 ./Drivers/STM32F4xx_HAL_Driver/Src/stm32f4xx_hal_cortex.o
                0x080013f2                HAL_NVIC_SetPriority
 .text.HAL_NVIC_EnableIRQ
                0x0800142a       0x1c ./Drivers/STM32F4xx_HAL_Driver/Src/stm32f4xx_hal_cortex.o
                0x0800142a                HAL_NVIC_EnableIRQ
 .text.HAL_SYSTICK_Config
                0x08001446       0x18 ./Drivers/STM32F4xx_HAL_Driver/Src/stm32f4xx_hal_cortex.o
                0x08001446                HAL_SYSTICK_Config
 .text.HAL_DMA_Abort_IT
                0x0800145e       0x44 ./Drivers/STM32F4xx_HAL_Driver/Src/stm32f4xx_hal_dma.o
                0x0800145e                HAL_DMA_Abort_IT
 .text.HAL_DMA_GetState
                0x080014a2       0x1c ./Drivers/STM32F4xx_HAL_Driver/Src/stm32f4xx_hal_dma.o
                0x080014a2                HAL_DMA_GetState
 *fill*         0x080014be        0x2 
 .text.HAL_GPIO_Init
                0x080014c0      0x308 ./Drivers/STM32F4xx_HAL_Driver/Src/stm32f4xx_hal_gpio.o
                0x080014c0                HAL_GPIO_Init
 .text.HAL_GPIO_WritePin
                0x080017c8       0x32 ./Drivers/STM32F4xx_HAL_Driver/Src/stm32f4xx_hal_gpio.o
                0x080017c8                HAL_GPIO_WritePin
 *fill*         0x080017fa        0x2 
 .text.HAL_I2C_Init
                0x080017fc      0x288 ./Drivers/STM32F4xx_HAL_Driver/Src/stm32f4xx_hal_i2c.o
                0x080017fc                HAL_I2C_Init
 .text.I2C_Flush_DR
                0x08001a84       0x2a ./Drivers/STM32F4xx_HAL_Driver/Src/stm32f4xx_hal_i2c.o
 *fill*         0x08001aae        0x2 
 .text.HAL_I2C_Mem_Write
                0x08001ab0      0x1f4 ./Drivers/STM32F4xx_HAL_Driver/Src/stm32f4xx_hal_i2c.o
                0x08001ab0                HAL_I2C_Mem_Write
 .text.HAL_I2C_Mem_Read
                0x08001ca4      0x464 ./Drivers/STM32F4xx_HAL_Driver/Src/stm32f4xx_hal_i2c.o
                0x08001ca4                HAL_I2C_Mem_Read
 .text.HAL_I2C_EV_IRQHandler
                0x08002108      0x2a6 ./Drivers/STM32F4xx_HAL_Driver/Src/stm32f4xx_hal_i2c.o
                0x08002108                HAL_I2C_EV_IRQHandler
 .text.HAL_I2C_ER_IRQHandler
                0x080023ae      0x13e ./Drivers/STM32F4xx_HAL_Driver/Src/stm32f4xx_hal_i2c.o
                0x080023ae                HAL_I2C_ER_IRQHandler
 .text.HAL_I2C_MasterTxCpltCallback
                0x080024ec       0x14 ./Drivers/STM32F4xx_HAL_Driver/Src/stm32f4xx_hal_i2c.o
                0x080024ec                HAL_I2C_MasterTxCpltCallback
 .text.HAL_I2C_MasterRxCpltCallback
                0x08002500       0x14 ./Drivers/STM32F4xx_HAL_Driver/Src/stm32f4xx_hal_i2c.o
                0x08002500                HAL_I2C_MasterRxCpltCallback
 .text.HAL_I2C_SlaveTxCpltCallback
                0x08002514       0x14 ./Drivers/STM32F4xx_HAL_Driver/Src/stm32f4xx_hal_i2c.o
                0x08002514                HAL_I2C_SlaveTxCpltCallback
 .text.HAL_I2C_SlaveRxCpltCallback
                0x08002528       0x14 ./Drivers/STM32F4xx_HAL_Driver/Src/stm32f4xx_hal_i2c.o
                0x08002528                HAL_I2C_SlaveRxCpltCallback
 .text.HAL_I2C_AddrCallback
                0x0800253c       0x1c ./Drivers/STM32F4xx_HAL_Driver/Src/stm32f4xx_hal_i2c.o
                0x0800253c                HAL_I2C_AddrCallback
 .text.HAL_I2C_ListenCpltCallback
                0x08002558       0x14 ./Drivers/STM32F4xx_HAL_Driver/Src/stm32f4xx_hal_i2c.o
                0x08002558                HAL_I2C_ListenCpltCallback
 .text.HAL_I2C_MemTxCpltCallback
                0x0800256c       0x14 ./Drivers/STM32F4xx_HAL_Driver/Src/stm32f4xx_hal_i2c.o
                0x0800256c                HAL_I2C_MemTxCpltCallback
 .text.HAL_I2C_MemRxCpltCallback
                0x08002580       0x14 ./Drivers/STM32F4xx_HAL_Driver/Src/stm32f4xx_hal_i2c.o
                0x08002580                HAL_I2C_MemRxCpltCallback
 .text.HAL_I2C_ErrorCallback
                0x08002594       0x14 ./Drivers/STM32F4xx_HAL_Driver/Src/stm32f4xx_hal_i2c.o
                0x08002594                HAL_I2C_ErrorCallback
 .text.HAL_I2C_AbortCpltCallback
                0x080025a8       0x14 ./Drivers/STM32F4xx_HAL_Driver/Src/stm32f4xx_hal_i2c.o
                0x080025a8                HAL_I2C_AbortCpltCallback
 .text.I2C_MasterTransmit_TXE
                0x080025bc      0x138 ./Drivers/STM32F4xx_HAL_Driver/Src/stm32f4xx_hal_i2c.o
 .text.I2C_MasterTransmit_BTF
                0x080026f4       0xec ./Drivers/STM32F4xx_HAL_Driver/Src/stm32f4xx_hal_i2c.o
 .text.I2C_MemoryTransmit_TXE_BTF
                0x080027e0      0x130 ./Drivers/STM32F4xx_HAL_Driver/Src/stm32f4xx_hal_i2c.o
 .text.I2C_MasterReceive_RXNE
                0x08002910      0x190 ./Drivers/STM32F4xx_HAL_Driver/Src/stm32f4xx_hal_i2c.o
 .text.I2C_MasterReceive_BTF
                0x08002aa0      0x1ea ./Drivers/STM32F4xx_HAL_Driver/Src/stm32f4xx_hal_i2c.o
 .text.I2C_Master_SB
                0x08002c8a      0x10c ./Drivers/STM32F4xx_HAL_Driver/Src/stm32f4xx_hal_i2c.o
 .text.I2C_Master_ADD10
                0x08002d96       0x54 ./Drivers/STM32F4xx_HAL_Driver/Src/stm32f4xx_hal_i2c.o
 .text.I2C_Master_ADDR
                0x08002dea      0x322 ./Drivers/STM32F4xx_HAL_Driver/Src/stm32f4xx_hal_i2c.o
 .text.I2C_SlaveTransmit_TXE
                0x0800310c       0x7a ./Drivers/STM32F4xx_HAL_Driver/Src/stm32f4xx_hal_i2c.o
 .text.I2C_SlaveTransmit_BTF
                0x08003186       0x42 ./Drivers/STM32F4xx_HAL_Driver/Src/stm32f4xx_hal_i2c.o
 .text.I2C_SlaveReceive_RXNE
                0x080031c8       0x7c ./Drivers/STM32F4xx_HAL_Driver/Src/stm32f4xx_hal_i2c.o
 .text.I2C_SlaveReceive_BTF
                0x08003244       0x44 ./Drivers/STM32F4xx_HAL_Driver/Src/stm32f4xx_hal_i2c.o
 .text.I2C_Slave_ADDR
                0x08003288       0x90 ./Drivers/STM32F4xx_HAL_Driver/Src/stm32f4xx_hal_i2c.o
 .text.I2C_Slave_STOPF
                0x08003318      0x260 ./Drivers/STM32F4xx_HAL_Driver/Src/stm32f4xx_hal_i2c.o
 .text.I2C_Slave_AF
                0x08003578       0xe8 ./Drivers/STM32F4xx_HAL_Driver/Src/stm32f4xx_hal_i2c.o
 .text.I2C_ITError
                0x08003660      0x264 ./Drivers/STM32F4xx_HAL_Driver/Src/stm32f4xx_hal_i2c.o
 .text.I2C_RequestMemoryWrite
                0x080038c4      0x12c ./Drivers/STM32F4xx_HAL_Driver/Src/stm32f4xx_hal_i2c.o
 .text.I2C_RequestMemoryRead
                0x080039f0      0x1d0 ./Drivers/STM32F4xx_HAL_Driver/Src/stm32f4xx_hal_i2c.o
 .text.I2C_DMAAbort
                0x08003bc0      0x150 ./Drivers/STM32F4xx_HAL_Driver/Src/stm32f4xx_hal_i2c.o
 .text.I2C_WaitOnFlagUntilTimeout
                0x08003d10       0xf4 ./Drivers/STM32F4xx_HAL_Driver/Src/stm32f4xx_hal_i2c.o
 .text.I2C_WaitOnMasterAddressFlagUntilTimeout
                0x08003e04      0x140 ./Drivers/STM32F4xx_HAL_Driver/Src/stm32f4xx_hal_i2c.o
 .text.I2C_WaitOnTXEFlagUntilTimeout
                0x08003f44       0x90 ./Drivers/STM32F4xx_HAL_Driver/Src/stm32f4xx_hal_i2c.o
 .text.I2C_WaitOnBTFFlagUntilTimeout
                0x08003fd4       0x90 ./Drivers/STM32F4xx_HAL_Driver/Src/stm32f4xx_hal_i2c.o
 .text.I2C_WaitOnSTOPRequestThroughIT
                0x08004064       0x64 ./Drivers/STM32F4xx_HAL_Driver/Src/stm32f4xx_hal_i2c.o
 .text.I2C_WaitOnRXNEFlagUntilTimeout
                0x080040c8       0xba ./Drivers/STM32F4xx_HAL_Driver/Src/stm32f4xx_hal_i2c.o
 .text.I2C_IsAcknowledgeFailed
                0x08004182       0x5e ./Drivers/STM32F4xx_HAL_Driver/Src/stm32f4xx_hal_i2c.o
 .text.I2C_ConvertOtherXferOptions
                0x080041e0       0x36 ./Drivers/STM32F4xx_HAL_Driver/Src/stm32f4xx_hal_i2c.o
 .text.HAL_PCD_Init
                0x08004216      0x21e ./Drivers/STM32F4xx_HAL_Driver/Src/stm32f4xx_hal_pcd.o
                0x08004216                HAL_PCD_Init
 .text.HAL_PCD_Start
                0x08004434       0x6a ./Drivers/STM32F4xx_HAL_Driver/Src/stm32f4xx_hal_pcd.o
                0x08004434                HAL_PCD_Start
 .text.HAL_PCD_IRQHandler
                0x0800449e      0x942 ./Drivers/STM32F4xx_HAL_Driver/Src/stm32f4xx_hal_pcd.o
                0x0800449e                HAL_PCD_IRQHandler
 .text.HAL_PCD_SetAddress
                0x08004de0       0x48 ./Drivers/STM32F4xx_HAL_Driver/Src/stm32f4xx_hal_pcd.o
                0x08004de0                HAL_PCD_SetAddress
 .text.HAL_PCD_EP_Open
                0x08004e28       0xd4 ./Drivers/STM32F4xx_HAL_Driver/Src/stm32f4xx_hal_pcd.o
                0x08004e28                HAL_PCD_EP_Open
 .text.HAL_PCD_EP_Close
                0x08004efc       0x94 ./Drivers/STM32F4xx_HAL_Driver/Src/stm32f4xx_hal_pcd.o
                0x08004efc                HAL_PCD_EP_Close
 .text.HAL_PCD_EP_Receive
                0x08004f90       0x76 ./Drivers/STM32F4xx_HAL_Driver/Src/stm32f4xx_hal_pcd.o
                0x08004f90                HAL_PCD_EP_Receive
 .text.HAL_PCD_EP_Transmit
                0x08005006       0x74 ./Drivers/STM32F4xx_HAL_Driver/Src/stm32f4xx_hal_pcd.o
                0x08005006                HAL_PCD_EP_Transmit
 .text.HAL_PCD_EP_SetStall
                0x0800507a       0xc6 ./Drivers/STM32F4xx_HAL_Driver/Src/stm32f4xx_hal_pcd.o
                0x0800507a                HAL_PCD_EP_SetStall
 .text.HAL_PCD_EP_ClrStall
                0x08005140       0xac ./Drivers/STM32F4xx_HAL_Driver/Src/stm32f4xx_hal_pcd.o
                0x08005140                HAL_PCD_EP_ClrStall
 .text.HAL_PCD_EP_Abort
                0x080051ec       0x62 ./Drivers/STM32F4xx_HAL_Driver/Src/stm32f4xx_hal_pcd.o
                0x080051ec                HAL_PCD_EP_Abort
 .text.PCD_WriteEmptyTxFifo
                0x0800524e      0x118 ./Drivers/STM32F4xx_HAL_Driver/Src/stm32f4xx_hal_pcd.o
 *fill*         0x08005366        0x2 
 .text.PCD_EP_OutXfrComplete_int
                0x08005368      0x1d0 ./Drivers/STM32F4xx_HAL_Driver/Src/stm32f4xx_hal_pcd.o
 .text.PCD_EP_OutSetupPacket_int
                0x08005538       0x8c ./Drivers/STM32F4xx_HAL_Driver/Src/stm32f4xx_hal_pcd.o
 .text.HAL_PCDEx_SetTxFiFo
                0x080055c4       0x8e ./Drivers/STM32F4xx_HAL_Driver/Src/stm32f4xx_hal_pcd_ex.o
                0x080055c4                HAL_PCDEx_SetTxFiFo
 .text.HAL_PCDEx_SetRxFiFo
                0x08005652       0x22 ./Drivers/STM32F4xx_HAL_Driver/Src/stm32f4xx_hal_pcd_ex.o
                0x08005652                HAL_PCDEx_SetRxFiFo
 .text.HAL_PCDEx_LPM_Callback
                0x08005674       0x18 ./Drivers/STM32F4xx_HAL_Driver/Src/stm32f4xx_hal_pcd_ex.o
                0x08005674                HAL_PCDEx_LPM_Callback
 .text.HAL_RCC_OscConfig
                0x0800568c      0x4f0 ./Drivers/STM32F4xx_HAL_Driver/Src/stm32f4xx_hal_rcc.o
                0x0800568c                HAL_RCC_OscConfig
 .text.HAL_RCC_ClockConfig
                0x08005b7c      0x1cc ./Drivers/STM32F4xx_HAL_Driver/Src/stm32f4xx_hal_rcc.o
                0x08005b7c                HAL_RCC_ClockConfig
 .text.HAL_RCC_GetSysClockFreq
                0x08005d48      0x18c ./Drivers/STM32F4xx_HAL_Driver/Src/stm32f4xx_hal_rcc.o
                0x08005d48                HAL_RCC_GetSysClockFreq
 .text.HAL_RCC_GetHCLKFreq
                0x08005ed4       0x18 ./Drivers/STM32F4xx_HAL_Driver/Src/stm32f4xx_hal_rcc.o
                0x08005ed4                HAL_RCC_GetHCLKFreq
 .text.HAL_RCC_GetPCLK1Freq
                0x08005eec       0x28 ./Drivers/STM32F4xx_HAL_Driver/Src/stm32f4xx_hal_rcc.o
                0x08005eec                HAL_RCC_GetPCLK1Freq
 .text.USB_CoreInit
                0x08005f14       0xc8 ./Drivers/STM32F4xx_HAL_Driver/Src/stm32f4xx_ll_usb.o
                0x08005f14                USB_CoreInit
 .text.USB_SetTurnaroundTime
                0x08005fdc      0x144 ./Drivers/STM32F4xx_HAL_Driver/Src/stm32f4xx_ll_usb.o
                0x08005fdc                USB_SetTurnaroundTime
 .text.USB_EnableGlobalInt
                0x08006120       0x22 ./Drivers/STM32F4xx_HAL_Driver/Src/stm32f4xx_ll_usb.o
                0x08006120                USB_EnableGlobalInt
 .text.USB_DisableGlobalInt
                0x08006142       0x22 ./Drivers/STM32F4xx_HAL_Driver/Src/stm32f4xx_ll_usb.o
                0x08006142                USB_DisableGlobalInt
 .text.USB_SetCurrentMode
                0x08006164       0x98 ./Drivers/STM32F4xx_HAL_Driver/Src/stm32f4xx_ll_usb.o
                0x08006164                USB_SetCurrentMode
 .text.USB_DevInit
                0x080061fc      0x2c8 ./Drivers/STM32F4xx_HAL_Driver/Src/stm32f4xx_ll_usb.o
                0x080061fc                USB_DevInit
 .text.USB_FlushTxFifo
                0x080064c4       0x64 ./Drivers/STM32F4xx_HAL_Driver/Src/stm32f4xx_ll_usb.o
                0x080064c4                USB_FlushTxFifo
 .text.USB_FlushRxFifo
                0x08006528       0x5c ./Drivers/STM32F4xx_HAL_Driver/Src/stm32f4xx_ll_usb.o
                0x08006528                USB_FlushRxFifo
 .text.USB_SetDevSpeed
                0x08006584       0x32 ./Drivers/STM32F4xx_HAL_Driver/Src/stm32f4xx_ll_usb.o
                0x08006584                USB_SetDevSpeed
 .text.USB_GetDevSpeed
                0x080065b6       0x4a ./Drivers/STM32F4xx_HAL_Driver/Src/stm32f4xx_ll_usb.o
                0x080065b6                USB_GetDevSpeed
 .text.USB_ActivateEndpoint
                0x08006600      0x10e ./Drivers/STM32F4xx_HAL_Driver/Src/stm32f4xx_ll_usb.o
                0x08006600                USB_ActivateEndpoint
 *fill*         0x0800670e        0x2 
 .text.USB_DeactivateEndpoint
                0x08006710      0x1b8 ./Drivers/STM32F4xx_HAL_Driver/Src/stm32f4xx_ll_usb.o
                0x08006710                USB_DeactivateEndpoint
 .text.USB_EPStartXfer
                0x080068c8      0x53c ./Drivers/STM32F4xx_HAL_Driver/Src/stm32f4xx_ll_usb.o
                0x080068c8                USB_EPStartXfer
 .text.USB_EPStopXfer
                0x08006e04      0x154 ./Drivers/STM32F4xx_HAL_Driver/Src/stm32f4xx_ll_usb.o
                0x08006e04                USB_EPStopXfer
 .text.USB_WritePacket
                0x08006f58       0x7c ./Drivers/STM32F4xx_HAL_Driver/Src/stm32f4xx_ll_usb.o
                0x08006f58                USB_WritePacket
 .text.USB_ReadPacket
                0x08006fd4       0xb0 ./Drivers/STM32F4xx_HAL_Driver/Src/stm32f4xx_ll_usb.o
                0x08006fd4                USB_ReadPacket
 .text.USB_EPSetStall
                0x08007084       0xdc ./Drivers/STM32F4xx_HAL_Driver/Src/stm32f4xx_ll_usb.o
                0x08007084                USB_EPSetStall
 .text.USB_EPClearStall
                0x08007160       0xcc ./Drivers/STM32F4xx_HAL_Driver/Src/stm32f4xx_ll_usb.o
                0x08007160                USB_EPClearStall
 .text.USB_SetDevAddress
                0x0800722c       0x4c ./Drivers/STM32F4xx_HAL_Driver/Src/stm32f4xx_ll_usb.o
                0x0800722c                USB_SetDevAddress
 .text.USB_DevConnect
                0x08007278       0x42 ./Drivers/STM32F4xx_HAL_Driver/Src/stm32f4xx_ll_usb.o
                0x08007278                USB_DevConnect
 .text.USB_DevDisconnect
                0x080072ba       0x42 ./Drivers/STM32F4xx_HAL_Driver/Src/stm32f4xx_ll_usb.o
                0x080072ba                USB_DevDisconnect
 .text.USB_ReadInterrupts
                0x080072fc       0x26 ./Drivers/STM32F4xx_HAL_Driver/Src/stm32f4xx_ll_usb.o
                0x080072fc                USB_ReadInterrupts
 .text.USB_ReadDevAllOutEpInterrupt
                0x08007322       0x34 ./Drivers/STM32F4xx_HAL_Driver/Src/stm32f4xx_ll_usb.o
                0x08007322                USB_ReadDevAllOutEpInterrupt
 .text.USB_ReadDevAllInEpInterrupt
                0x08007356       0x34 ./Drivers/STM32F4xx_HAL_Driver/Src/stm32f4xx_ll_usb.o
                0x08007356                USB_ReadDevAllInEpInterrupt
 .text.USB_ReadDevOutEPInterrupt
                0x0800738a       0x3c ./Drivers/STM32F4xx_HAL_Driver/Src/stm32f4xx_ll_usb.o
                0x0800738a                USB_ReadDevOutEPInterrupt
 .text.USB_ReadDevInEPInterrupt
                0x080073c6       0x5c ./Drivers/STM32F4xx_HAL_Driver/Src/stm32f4xx_ll_usb.o
                0x080073c6                USB_ReadDevInEPInterrupt
 .text.USB_GetMode
                0x08007422       0x1c ./Drivers/STM32F4xx_HAL_Driver/Src/stm32f4xx_ll_usb.o
                0x08007422                USB_GetMode
 .text.USB_ActivateSetup
                0x0800743e       0x46 ./Drivers/STM32F4xx_HAL_Driver/Src/stm32f4xx_ll_usb.o
                0x0800743e                USB_ActivateSetup
 .text.USB_EP0_OutStart
                0x08007484       0xbc ./Drivers/STM32F4xx_HAL_Driver/Src/stm32f4xx_ll_usb.o
                0x08007484                USB_EP0_OutStart
 .text.USB_CoreReset
                0x08007540       0x62 ./Drivers/STM32F4xx_HAL_Driver/Src/stm32f4xx_ll_usb.o
 *fill*         0x080075a2        0x2 
 .text.USBD_HID_Init
                0x080075a4       0xcc ./Middlewares/ST/STM32_USB_Device_Library/Class/HID/Src/usbd_hid.o
 .text.USBD_HID_DeInit
                0x08007670       0x90 ./Middlewares/ST/STM32_USB_Device_Library/Class/HID/Src/usbd_hid.o
 .text.USBD_HID_Setup
                0x08007700      0x294 ./Middlewares/ST/STM32_USB_Device_Library/Class/HID/Src/usbd_hid.o
 .text.USBD_HID_SendReport
                0x08007994       0x60 ./Middlewares/ST/STM32_USB_Device_Library/Class/HID/Src/usbd_hid.o
                0x08007994                USBD_HID_SendReport
 .text.USBD_HID_GetFSCfgDesc
                0x080079f4       0x34 ./Middlewares/ST/STM32_USB_Device_Library/Class/HID/Src/usbd_hid.o
 .text.USBD_HID_GetHSCfgDesc
                0x08007a28       0x34 ./Middlewares/ST/STM32_USB_Device_Library/Class/HID/Src/usbd_hid.o
 .text.USBD_HID_GetOtherSpeedCfgDesc
                0x08007a5c       0x34 ./Middlewares/ST/STM32_USB_Device_Library/Class/HID/Src/usbd_hid.o
 .text.USBD_HID_DataIn
                0x08007a90       0x2c ./Middlewares/ST/STM32_USB_Device_Library/Class/HID/Src/usbd_hid.o
 .text.USBD_HID_GetDeviceQualifierDesc
                0x08007abc       0x20 ./Middlewares/ST/STM32_USB_Device_Library/Class/HID/Src/usbd_hid.o
 .text.USBD_Init
                0x08007adc       0x60 ./Middlewares/ST/STM32_USB_Device_Library/Core/Src/usbd_core.o
                0x08007adc                USBD_Init
 .text.USBD_RegisterClass
                0x08007b3c       0x6c ./Middlewares/ST/STM32_USB_Device_Library/Core/Src/usbd_core.o
                0x08007b3c                USBD_RegisterClass
 .text.USBD_Start
                0x08007ba8       0x18 ./Middlewares/ST/STM32_USB_Device_Library/Core/Src/usbd_core.o
                0x08007ba8                USBD_Start
 .text.USBD_RunTestMode
                0x08007bc0       0x16 ./Middlewares/ST/STM32_USB_Device_Library/Core/Src/usbd_core.o
                0x08007bc0                USBD_RunTestMode
 .text.USBD_SetClassConfig
                0x08007bd6       0x38 ./Middlewares/ST/STM32_USB_Device_Library/Core/Src/usbd_core.o
                0x08007bd6                USBD_SetClassConfig
 .text.USBD_ClrClassConfig
                0x08007c0e       0x34 ./Middlewares/ST/STM32_USB_Device_Library/Core/Src/usbd_core.o
                0x08007c0e                USBD_ClrClassConfig
 .text.USBD_LL_SetupStage
                0x08007c42       0xaa ./Middlewares/ST/STM32_USB_Device_Library/Core/Src/usbd_core.o
                0x08007c42                USBD_LL_SetupStage
 .text.USBD_LL_DataOutStage
                0x08007cec      0x166 ./Middlewares/ST/STM32_USB_Device_Library/Core/Src/usbd_core.o
                0x08007cec                USBD_LL_DataOutStage
 .text.USBD_LL_DataInStage
                0x08007e52      0x164 ./Middlewares/ST/STM32_USB_Device_Library/Core/Src/usbd_core.o
                0x08007e52                USBD_LL_DataInStage
 .text.USBD_LL_Reset
                0x08007fb6       0xa4 ./Middlewares/ST/STM32_USB_Device_Library/Core/Src/usbd_core.o
                0x08007fb6                USBD_LL_Reset
 .text.USBD_LL_SetSpeed
                0x0800805a       0x20 ./Middlewares/ST/STM32_USB_Device_Library/Core/Src/usbd_core.o
                0x0800805a                USBD_LL_SetSpeed
 .text.USBD_LL_Suspend
                0x0800807a       0x38 ./Middlewares/ST/STM32_USB_Device_Library/Core/Src/usbd_core.o
                0x0800807a                USBD_LL_Suspend
 .text.USBD_LL_Resume
                0x080080b2       0x30 ./Middlewares/ST/STM32_USB_Device_Library/Core/Src/usbd_core.o
                0x080080b2                USBD_LL_Resume
 .text.USBD_LL_SOF
                0x080080e2       0x40 ./Middlewares/ST/STM32_USB_Device_Library/Core/Src/usbd_core.o
                0x080080e2                USBD_LL_SOF
 .text.USBD_LL_IsoINIncomplete
                0x08008122       0x64 ./Middlewares/ST/STM32_USB_Device_Library/Core/Src/usbd_core.o
                0x08008122                USBD_LL_IsoINIncomplete
 .text.USBD_LL_IsoOUTIncomplete
                0x08008186       0x64 ./Middlewares/ST/STM32_USB_Device_Library/Core/Src/usbd_core.o
                0x08008186                USBD_LL_IsoOUTIncomplete
 .text.USBD_LL_DevConnected
                0x080081ea       0x16 ./Middlewares/ST/STM32_USB_Device_Library/Core/Src/usbd_core.o
                0x080081ea                USBD_LL_DevConnected
 .text.USBD_LL_DevDisconnected
                0x08008200       0x46 ./Middlewares/ST/STM32_USB_Device_Library/Core/Src/usbd_core.o
                0x08008200                USBD_LL_DevDisconnected
 .text.USBD_CoreFindIF
                0x08008246       0x1a ./Middlewares/ST/STM32_USB_Device_Library/Core/Src/usbd_core.o
                0x08008246                USBD_CoreFindIF
 .text.USBD_CoreFindEP
                0x08008260       0x1a ./Middlewares/ST/STM32_USB_Device_Library/Core/Src/usbd_core.o
                0x08008260                USBD_CoreFindEP
 .text.USBD_GetEpDesc
                0x0800827a       0x70 ./Middlewares/ST/STM32_USB_Device_Library/Core/Src/usbd_core.o
                0x0800827a                USBD_GetEpDesc
 .text.USBD_GetNextDesc
                0x080082ea       0x38 ./Middlewares/ST/STM32_USB_Device_Library/Core/Src/usbd_core.o
                0x080082ea                USBD_GetNextDesc
 .text.SWAPBYTE
                0x08008322       0x3c ./Middlewares/ST/STM32_USB_Device_Library/Core/Src/usbd_ctlreq.o
 *fill*         0x0800835e        0x2 
 .text.USBD_StdDevReq
                0x08008360       0xe4 ./Middlewares/ST/STM32_USB_Device_Library/Core/Src/usbd_ctlreq.o
                0x08008360                USBD_StdDevReq
 .text.USBD_StdItfReq
                0x08008444       0xd8 ./Middlewares/ST/STM32_USB_Device_Library/Core/Src/usbd_ctlreq.o
                0x08008444                USBD_StdItfReq
 .text.USBD_StdEPReq
                0x0800851c      0x33a ./Middlewares/ST/STM32_USB_Device_Library/Core/Src/usbd_ctlreq.o
                0x0800851c                USBD_StdEPReq
 *fill*         0x08008856        0x2 
 .text.USBD_GetDescriptor
                0x08008858      0x2d4 ./Middlewares/ST/STM32_USB_Device_Library/Core/Src/usbd_ctlreq.o
 .text.USBD_SetAddress
                0x08008b2c       0x88 ./Middlewares/ST/STM32_USB_Device_Library/Core/Src/usbd_ctlreq.o
 .text.USBD_SetConfig
                0x08008bb4      0x154 ./Middlewares/ST/STM32_USB_Device_Library/Core/Src/usbd_ctlreq.o
 .text.USBD_GetConfig
                0x08008d08       0x6c ./Middlewares/ST/STM32_USB_Device_Library/Core/Src/usbd_ctlreq.o
 .text.USBD_GetStatus
                0x08008d74       0x68 ./Middlewares/ST/STM32_USB_Device_Library/Core/Src/usbd_ctlreq.o
 .text.USBD_SetFeature
                0x08008ddc       0x52 ./Middlewares/ST/STM32_USB_Device_Library/Core/Src/usbd_ctlreq.o
 .text.USBD_ClrFeature
                0x08008e2e       0x44 ./Middlewares/ST/STM32_USB_Device_Library/Core/Src/usbd_ctlreq.o
 .text.USBD_ParseSetupRequest
                0x08008e72       0x74 ./Middlewares/ST/STM32_USB_Device_Library/Core/Src/usbd_ctlreq.o
                0x08008e72                USBD_ParseSetupRequest
 .text.USBD_CtlError
                0x08008ee6       0x22 ./Middlewares/ST/STM32_USB_Device_Library/Core/Src/usbd_ctlreq.o
                0x08008ee6                USBD_CtlError
 .text.USBD_GetString
                0x08008f08       0xa4 ./Middlewares/ST/STM32_USB_Device_Library/Core/Src/usbd_ctlreq.o
                0x08008f08                USBD_GetString
 .text.USBD_GetLen
                0x08008fac       0x34 ./Middlewares/ST/STM32_USB_Device_Library/Core/Src/usbd_ctlreq.o
 .text.USBD_CtlSendData
                0x08008fe0       0x36 ./Middlewares/ST/STM32_USB_Device_Library/Core/Src/usbd_ioreq.o
                0x08008fe0                USBD_CtlSendData
 .text.USBD_CtlContinueSendData
                0x08009016       0x22 ./Middlewares/ST/STM32_USB_Device_Library/Core/Src/usbd_ioreq.o
                0x08009016                USBD_CtlContinueSendData
 .text.USBD_CtlPrepareRx
                0x08009038       0x3a ./Middlewares/ST/STM32_USB_Device_Library/Core/Src/usbd_ioreq.o
                0x08009038                USBD_CtlPrepareRx
 .text.USBD_CtlContinueRx
                0x08009072       0x22 ./Middlewares/ST/STM32_USB_Device_Library/Core/Src/usbd_ioreq.o
                0x08009072                USBD_CtlContinueRx
 .text.USBD_CtlSendStatus
                0x08009094       0x26 ./Middlewares/ST/STM32_USB_Device_Library/Core/Src/usbd_ioreq.o
                0x08009094                USBD_CtlSendStatus
 .text.USBD_CtlReceiveStatus
                0x080090ba       0x26 ./Middlewares/ST/STM32_USB_Device_Library/Core/Src/usbd_ioreq.o
                0x080090ba                USBD_CtlReceiveStatus
 .text.MX_USB_DEVICE_Init
                0x080090e0       0x4c ./USB_DEVICE/App/usb_device.o
                0x080090e0                MX_USB_DEVICE_Init
 .text.USBD_FS_DeviceDescriptor
                0x0800912c       0x24 ./USB_DEVICE/App/usbd_desc.o
                0x0800912c                USBD_FS_DeviceDescriptor
 .text.USBD_FS_LangIDStrDescriptor
                0x08009150       0x24 ./USB_DEVICE/App/usbd_desc.o
                0x08009150                USBD_FS_LangIDStrDescriptor
 .text.USBD_FS_ProductStrDescriptor
                0x08009174       0x3c ./USB_DEVICE/App/usbd_desc.o
                0x08009174                USBD_FS_ProductStrDescriptor
 .text.USBD_FS_ManufacturerStrDescriptor
                0x080091b0       0x28 ./USB_DEVICE/App/usbd_desc.o
                0x080091b0                USBD_FS_ManufacturerStrDescriptor
 .text.USBD_FS_SerialStrDescriptor
                0x080091d8       0x24 ./USB_DEVICE/App/usbd_desc.o
                0x080091d8                USBD_FS_SerialStrDescriptor
 .text.USBD_FS_ConfigStrDescriptor
                0x080091fc       0x3c ./USB_DEVICE/App/usbd_desc.o
                0x080091fc                USBD_FS_ConfigStrDescriptor
 .text.USBD_FS_InterfaceStrDescriptor
                0x08009238       0x3c ./USB_DEVICE/App/usbd_desc.o
                0x08009238                USBD_FS_InterfaceStrDescriptor
 .text.Get_SerialNum
                0x08009274       0x58 ./USB_DEVICE/App/usbd_desc.o
 .text.IntToUnicode
                0x080092cc       0x7e ./USB_DEVICE/App/usbd_desc.o
 *fill*         0x0800934a        0x2 
 .text.HAL_PCD_MspInit
                0x0800934c       0x98 ./USB_DEVICE/Target/usbd_conf.o
                0x0800934c                HAL_PCD_MspInit
 .text.HAL_PCD_SetupStageCallback
                0x080093e4       0x24 ./USB_DEVICE/Target/usbd_conf.o
                0x080093e4                HAL_PCD_SetupStageCallback
 .text.HAL_PCD_DataOutStageCallback
                0x08009408       0x36 ./USB_DEVICE/Target/usbd_conf.o
                0x08009408                HAL_PCD_DataOutStageCallback
 .text.HAL_PCD_DataInStageCallback
                0x0800943e       0x34 ./USB_DEVICE/Target/usbd_conf.o
                0x0800943e                HAL_PCD_DataInStageCallback
 .text.HAL_PCD_SOFCallback
                0x08009472       0x1c ./USB_DEVICE/Target/usbd_conf.o
                0x08009472                HAL_PCD_SOFCallback
 .text.HAL_PCD_ResetCallback
                0x0800948e       0x3c ./USB_DEVICE/Target/usbd_conf.o
                0x0800948e                HAL_PCD_ResetCallback
 *fill*         0x080094ca        0x2 
 .text.HAL_PCD_SuspendCallback
                0x080094cc       0x4c ./USB_DEVICE/Target/usbd_conf.o
                0x080094cc                HAL_PCD_SuspendCallback
 .text.HAL_PCD_ResumeCallback
                0x08009518       0x1c ./USB_DEVICE/Target/usbd_conf.o
                0x08009518                HAL_PCD_ResumeCallback
 .text.HAL_PCD_ISOOUTIncompleteCallback
                0x08009534       0x24 ./USB_DEVICE/Target/usbd_conf.o
                0x08009534                HAL_PCD_ISOOUTIncompleteCallback
 .text.HAL_PCD_ISOINIncompleteCallback
                0x08009558       0x24 ./USB_DEVICE/Target/usbd_conf.o
                0x08009558                HAL_PCD_ISOINIncompleteCallback
 .text.HAL_PCD_ConnectCallback
                0x0800957c       0x1c ./USB_DEVICE/Target/usbd_conf.o
                0x0800957c                HAL_PCD_ConnectCallback
 .text.HAL_PCD_DisconnectCallback
                0x08009598       0x1c ./USB_DEVICE/Target/usbd_conf.o
                0x08009598                HAL_PCD_DisconnectCallback
 .text.USBD_LL_Init
                0x080095b4       0x98 ./USB_DEVICE/Target/usbd_conf.o
                0x080095b4                USBD_LL_Init
 .text.USBD_LL_Start
                0x0800964c       0x36 ./USB_DEVICE/Target/usbd_conf.o
                0x0800964c                USBD_LL_Start
 .text.USBD_LL_OpenEP
                0x08009682       0x4c ./USB_DEVICE/Target/usbd_conf.o
                0x08009682                USBD_LL_OpenEP
 .text.USBD_LL_CloseEP
                0x080096ce       0x3e ./USB_DEVICE/Target/usbd_conf.o
                0x080096ce                USBD_LL_CloseEP
 .text.USBD_LL_StallEP
                0x0800970c       0x3e ./USB_DEVICE/Target/usbd_conf.o
                0x0800970c                USBD_LL_StallEP
 .text.USBD_LL_ClearStallEP
                0x0800974a       0x3e ./USB_DEVICE/Target/usbd_conf.o
                0x0800974a                USBD_LL_ClearStallEP
 .text.USBD_LL_IsStallEP
                0x08009788       0x58 ./USB_DEVICE/Target/usbd_conf.o
                0x08009788                USBD_LL_IsStallEP
 .text.USBD_LL_SetUSBAddress
                0x080097e0       0x3e ./USB_DEVICE/Target/usbd_conf.o
                0x080097e0                USBD_LL_SetUSBAddress
 .text.USBD_LL_Transmit
                0x0800981e       0x42 ./USB_DEVICE/Target/usbd_conf.o
                0x0800981e                USBD_LL_Transmit
 .text.USBD_LL_PrepareReceive
                0x08009860       0x42 ./USB_DEVICE/Target/usbd_conf.o
                0x08009860                USBD_LL_PrepareReceive
 *fill*         0x080098a2        0x2 
 .text.USBD_static_malloc
                0x080098a4       0x1c ./USB_DEVICE/Target/usbd_conf.o
                0x080098a4                USBD_static_malloc
 .text.USBD_static_free
                0x080098c0       0x14 ./USB_DEVICE/Target/usbd_conf.o
                0x080098c0                USBD_static_free
 .text.USBD_Get_USB_Status
                0x080098d4       0x58 ./USB_DEVICE/Target/usbd_conf.o
                0x080098d4                USBD_Get_USB_Status
 .text.calloc   0x0800992c       0x10 /home/joren/st/stm32cubeide_1.17.0/plugins/com.st.stm32cube.ide.mcu.externaltools.gnu-tools-for-stm32.12.3.rel1.linux64_1.1.0.202410170702/tools/bin/../lib/gcc/arm-none-eabi/12.3.1/../../../../arm-none-eabi/lib/thumb/v7e-m+fp/hard/libc_nano.a(libc_a-calloc.o)
                0x0800992c                calloc
 .text._calloc_r
                0x0800993c       0x28 /home/joren/st/stm32cubeide_1.17.0/plugins/com.st.stm32cube.ide.mcu.externaltools.gnu-tools-for-stm32.12.3.rel1.linux64_1.1.0.202410170702/tools/bin/../lib/gcc/arm-none-eabi/12.3.1/../../../../arm-none-eabi/lib/thumb/v7e-m+fp/hard/libc_nano.a(libc_a-callocr.o)
                0x0800993c                _calloc_r
 .text.sbrk_aligned
                0x08009964       0x44 /home/joren/st/stm32cubeide_1.17.0/plugins/com.st.stm32cube.ide.mcu.externaltools.gnu-tools-for-stm32.12.3.rel1.linux64_1.1.0.202410170702/tools/bin/../lib/gcc/arm-none-eabi/12.3.1/../../../../arm-none-eabi/lib/thumb/v7e-m+fp/hard/libc_nano.a(libc_a-mallocr.o)
 .text._malloc_r
                0x080099a8      0x100 /home/joren/st/stm32cubeide_1.17.0/plugins/com.st.stm32cube.ide.mcu.externaltools.gnu-tools-for-stm32.12.3.rel1.linux64_1.1.0.202410170702/tools/bin/../lib/gcc/arm-none-eabi/12.3.1/../../../../arm-none-eabi/lib/thumb/v7e-m+fp/hard/libc_nano.a(libc_a-mallocr.o)
                0x080099a8                _malloc_r
 .text.__malloc_lock
                0x08009aa8        0xc /home/joren/st/stm32cubeide_1.17.0/plugins/com.st.stm32cube.ide.mcu.externaltools.gnu-tools-for-stm32.12.3.rel1.linux64_1.1.0.202410170702/tools/bin/../lib/gcc/arm-none-eabi/12.3.1/../../../../arm-none-eabi/lib/thumb/v7e-m+fp/hard/libc_nano.a(libc_a-mlock.o)
                0x08009aa8                __malloc_lock
 .text.__malloc_unlock
                0x08009ab4        0xc /home/joren/st/stm32cubeide_1.17.0/plugins/com.st.stm32cube.ide.mcu.externaltools.gnu-tools-for-stm32.12.3.rel1.linux64_1.1.0.202410170702/tools/bin/../lib/gcc/arm-none-eabi/12.3.1/../../../../arm-none-eabi/lib/thumb/v7e-m+fp/hard/libc_nano.a(libc_a-mlock.o)
                0x08009ab4                __malloc_unlock
 .text.memset   0x08009ac0       0x10 /home/joren/st/stm32cubeide_1.17.0/plugins/com.st.stm32cube.ide.mcu.externaltools.gnu-tools-for-stm32.12.3.rel1.linux64_1.1.0.202410170702/tools/bin/../lib/gcc/arm-none-eabi/12.3.1/../../../../arm-none-eabi/lib/thumb/v7e-m+fp/hard/libc_nano.a(libc_a-memset.o)
                0x08009ac0                memset
 .text._sbrk_r  0x08009ad0       0x20 /home/joren/st/stm32cubeide_1.17.0/plugins/com.st.stm32cube.ide.mcu.externaltools.gnu-tools-for-stm32.12.3.rel1.linux64_1.1.0.202410170702/tools/bin/../lib/gcc/arm-none-eabi/12.3.1/../../../../arm-none-eabi/lib/thumb/v7e-m+fp/hard/libc_nano.a(libc_a-sbrkr.o)
                0x08009ad0                _sbrk_r
 .text.__errno  0x08009af0        0xc /home/joren/st/stm32cubeide_1.17.0/plugins/com.st.stm32cube.ide.mcu.externaltools.gnu-tools-for-stm32.12.3.rel1.linux64_1.1.0.202410170702/tools/bin/../lib/gcc/arm-none-eabi/12.3.1/../../../../arm-none-eabi/lib/thumb/v7e-m+fp/hard/libc_nano.a(libc_a-errno.o)
                0x08009af0                __errno
 .text.__libc_init_array
                0x08009afc       0x48 /home/joren/st/stm32cubeide_1.17.0/plugins/com.st.stm32cube.ide.mcu.externaltools.gnu-tools-for-stm32.12.3.rel1.linux64_1.1.0.202410170702/tools/bin/../lib/gcc/arm-none-eabi/12.3.1/../../../../arm-none-eabi/lib/thumb/v7e-m+fp/hard/libc_nano.a(libc_a-init.o)
                0x08009afc                __libc_init_array
 .text.__retarget_lock_acquire_recursive
                0x08009b44        0x2 /home/joren/st/stm32cubeide_1.17.0/plugins/com.st.stm32cube.ide.mcu.externaltools.gnu-tools-for-stm32.12.3.rel1.linux64_1.1.0.202410170702/tools/bin/../lib/gcc/arm-none-eabi/12.3.1/../../../../arm-none-eabi/lib/thumb/v7e-m+fp/hard/libc_nano.a(libc_a-lock.o)
                0x08009b44                __retarget_lock_acquire_recursive
 .text.__retarget_lock_release_recursive
                0x08009b46        0x2 /home/joren/st/stm32cubeide_1.17.0/plugins/com.st.stm32cube.ide.mcu.externaltools.gnu-tools-for-stm32.12.3.rel1.linux64_1.1.0.202410170702/tools/bin/../lib/gcc/arm-none-eabi/12.3.1/../../../../arm-none-eabi/lib/thumb/v7e-m+fp/hard/libc_nano.a(libc_a-lock.o)
                0x08009b46                __retarget_lock_release_recursive
 *(.glue_7)
 .glue_7        0x08009b48        0x0 linker stubs
 *(.glue_7t)
 .glue_7t       0x08009b48        0x0 linker stubs
 *(.eh_frame)
 .eh_frame      0x08009b48        0x0 /home/joren/st/stm32cubeide_1.17.0/plugins/com.st.stm32cube.ide.mcu.externaltools.gnu-tools-for-stm32.12.3.rel1.linux64_1.1.0.202410170702/tools/bin/../lib/gcc/arm-none-eabi/12.3.1/thumb/v7e-m+fp/hard/crtbegin.o
 *(.init)
 .init          0x08009b48        0x4 /home/joren/st/stm32cubeide_1.17.0/plugins/com.st.stm32cube.ide.mcu.externaltools.gnu-tools-for-stm32.12.3.rel1.linux64_1.1.0.202410170702/tools/bin/../lib/gcc/arm-none-eabi/12.3.1/thumb/v7e-m+fp/hard/crti.o
                0x08009b48                _init
 .init          0x08009b4c        0x8 /home/joren/st/stm32cubeide_1.17.0/plugins/com.st.stm32cube.ide.mcu.externaltools.gnu-tools-for-stm32.12.3.rel1.linux64_1.1.0.202410170702/tools/bin/../lib/gcc/arm-none-eabi/12.3.1/thumb/v7e-m+fp/hard/crtn.o
 *(.fini)
 .fini          0x08009b54        0x4 /home/joren/st/stm32cubeide_1.17.0/plugins/com.st.stm32cube.ide.mcu.externaltools.gnu-tools-for-stm32.12.3.rel1.linux64_1.1.0.202410170702/tools/bin/../lib/gcc/arm-none-eabi/12.3.1/thumb/v7e-m+fp/hard/crti.o
                0x08009b54                _fini
 .fini          0x08009b58        0x8 /home/joren/st/stm32cubeide_1.17.0/plugins/com.st.stm32cube.ide.mcu.externaltools.gnu-tools-for-stm32.12.3.rel1.linux64_1.1.0.202410170702/tools/bin/../lib/gcc/arm-none-eabi/12.3.1/thumb/v7e-m+fp/hard/crtn.o
                0x08009b60                        . = ALIGN (0x4)
                0x08009b60                        _etext = .

.vfp11_veneer   0x08009b60        0x0
 .vfp11_veneer  0x08009b60        0x0 linker stubs

.v4_bx          0x08009b60        0x0
 .v4_bx         0x08009b60        0x0 linker stubs

.iplt           0x08009b60        0x0
 .iplt          0x08009b60        0x0 /home/joren/st/stm32cubeide_1.17.0/plugins/com.st.stm32cube.ide.mcu.externaltools.gnu-tools-for-stm32.12.3.rel1.linux64_1.1.0.202410170702/tools/bin/../lib/gcc/arm-none-eabi/12.3.1/thumb/v7e-m+fp/hard/crtbegin.o

.rodata         0x08009b60       0x4c
                0x08009b60                        . = ALIGN (0x4)
 *(.rodata)
 .rodata        0x08009b60       0x32 ./USB_DEVICE/App/usbd_desc.o
 *(.rodata*)
 *fill*         0x08009b92        0x2 
 .rodata.AHBPrescTable
                0x08009b94       0x10 ./Core/Src/system_stm32f4xx.o
                0x08009b94                AHBPrescTable
 .rodata.APBPrescTable
                0x08009ba4        0x8 ./Core/Src/system_stm32f4xx.o
                0x08009ba4                APBPrescTable
                0x08009bac                        . = ALIGN (0x4)

.ARM.extab      0x08009bac        0x0
                0x08009bac                        . = ALIGN (0x4)
 *(.ARM.extab* .gnu.linkonce.armextab.*)
                0x08009bac                        . = ALIGN (0x4)

.ARM            0x08009bac        0x8
                0x08009bac                        . = ALIGN (0x4)
                0x08009bac                        __exidx_start = .
 *(.ARM.exidx*)
 .ARM.exidx     0x08009bac        0x8 /home/joren/st/stm32cubeide_1.17.0/plugins/com.st.stm32cube.ide.mcu.externaltools.gnu-tools-for-stm32.12.3.rel1.linux64_1.1.0.202410170702/tools/bin/../lib/gcc/arm-none-eabi/12.3.1/thumb/v7e-m+fp/hard/libgcc.a(_udivmoddi4.o)
                0x08009bb4                        __exidx_end = .
                0x08009bb4                        . = ALIGN (0x4)

.preinit_array  0x08009bb4        0x0
                0x08009bb4                        . = ALIGN (0x4)
                0x08009bb4                        PROVIDE (__preinit_array_start = .)
 *(.preinit_array*)
                0x08009bb4                        PROVIDE (__preinit_array_end = .)
                0x08009bb4                        . = ALIGN (0x4)

.init_array     0x08009bb4        0x4
                0x08009bb4                        . = ALIGN (0x4)
                0x08009bb4                        PROVIDE (__init_array_start = .)
 *(SORT_BY_NAME(.init_array.*))
 *(.init_array*)
 .init_array    0x08009bb4        0x4 /home/joren/st/stm32cubeide_1.17.0/plugins/com.st.stm32cube.ide.mcu.externaltools.gnu-tools-for-stm32.12.3.rel1.linux64_1.1.0.202410170702/tools/bin/../lib/gcc/arm-none-eabi/12.3.1/thumb/v7e-m+fp/hard/crtbegin.o
                0x08009bb8                        PROVIDE (__init_array_end = .)
                0x08009bb8                        . = ALIGN (0x4)

.fini_array     0x08009bb8        0x4
                0x08009bb8                        . = ALIGN (0x4)
                [!provide]                        PROVIDE (__fini_array_start = .)
 *(SORT_BY_NAME(.fini_array.*))
 *(.fini_array*)
 .fini_array    0x08009bb8        0x4 /home/joren/st/stm32cubeide_1.17.0/plugins/com.st.stm32cube.ide.mcu.externaltools.gnu-tools-for-stm32.12.3.rel1.linux64_1.1.0.202410170702/tools/bin/../lib/gcc/arm-none-eabi/12.3.1/thumb/v7e-m+fp/hard/crtbegin.o
                [!provide]                        PROVIDE (__fini_array_end = .)
                0x08009bbc                        . = ALIGN (0x4)
                0x08009bbc                        _sidata = LOADADDR (.data)

.rel.dyn        0x08009bbc        0x0
 .rel.iplt      0x08009bbc        0x0 /home/joren/st/stm32cubeide_1.17.0/plugins/com.st.stm32cube.ide.mcu.externaltools.gnu-tools-for-stm32.12.3.rel1.linux64_1.1.0.202410170702/tools/bin/../lib/gcc/arm-none-eabi/12.3.1/thumb/v7e-m+fp/hard/crtbegin.o

.data           0x20000000      0x1b0 load address 0x08009bbc
                0x20000000                        . = ALIGN (0x4)
                0x20000000                        _sdata = .
 *(.data)
 *(.data*)
 .data.SystemCoreClock
                0x20000000        0x4 ./Core/Src/system_stm32f4xx.o
                0x20000000                SystemCoreClock
 .data.uwTickPrio
                0x20000004        0x4 ./Drivers/STM32F4xx_HAL_Driver/Src/stm32f4xx_hal.o
                0x20000004                uwTickPrio
 .data.uwTickFreq
                0x20000008        0x1 ./Drivers/STM32F4xx_HAL_Driver/Src/stm32f4xx_hal.o
                0x20000008                uwTickFreq
 .data.resolution_multiplier
                0x20000009        0x1 ./Middlewares/ST/STM32_USB_Device_Library/Class/HID/Src/usbd_hid.o
                0x20000009                resolution_multiplier
 *fill*         0x2000000a        0x2 
 .data.USBD_HID
                0x2000000c       0x38 ./Middlewares/ST/STM32_USB_Device_Library/Class/HID/Src/usbd_hid.o
                0x2000000c                USBD_HID
 .data.USBD_HID_CfgDesc
                0x20000044       0x22 ./Middlewares/ST/STM32_USB_Device_Library/Class/HID/Src/usbd_hid.o
 *fill*         0x20000066        0x2 
 .data.USBD_HID_Desc
                0x20000068        0x9 ./Middlewares/ST/STM32_USB_Device_Library/Class/HID/Src/usbd_hid.o
 *fill*         0x20000071        0x3 
 .data.USBD_HID_DeviceQualifierDesc
                0x20000074        0xa ./Middlewares/ST/STM32_USB_Device_Library/Class/HID/Src/usbd_hid.o
 *fill*         0x2000007e        0x2 
 .data.HID_MOUSE_ReportDesc
                0x20000080       0x8d ./Middlewares/ST/STM32_USB_Device_Library/Class/HID/Src/usbd_hid.o
 .data.HIDInEpAdd
                0x2000010d        0x1 ./Middlewares/ST/STM32_USB_Device_Library/Class/HID/Src/usbd_hid.o
 *fill*         0x2000010e        0x2 
 .data.FS_Desc  0x20000110       0x1c ./USB_DEVICE/App/usbd_desc.o
                0x20000110                FS_Desc
 .data.USBD_FS_DeviceDesc
                0x2000012c       0x12 ./USB_DEVICE/App/usbd_desc.o
                0x2000012c                USBD_FS_DeviceDesc
 *fill*         0x2000013e        0x2 
 .data.USBD_LangIDDesc
                0x20000140        0x4 ./USB_DEVICE/App/usbd_desc.o
                0x20000140                USBD_LangIDDesc
 .data.USBD_StringSerial
                0x20000144       0x1a ./USB_DEVICE/App/usbd_desc.o
                0x20000144                USBD_StringSerial
 *fill*         0x2000015e        0x2 
 .data._impure_ptr
                0x20000160        0x4 /home/joren/st/stm32cubeide_1.17.0/plugins/com.st.stm32cube.ide.mcu.externaltools.gnu-tools-for-stm32.12.3.rel1.linux64_1.1.0.202410170702/tools/bin/../lib/gcc/arm-none-eabi/12.3.1/../../../../arm-none-eabi/lib/thumb/v7e-m+fp/hard/libc_nano.a(libc_a-impure.o)
                0x20000160                _impure_ptr
 .data._impure_data
                0x20000164       0x4c /home/joren/st/stm32cubeide_1.17.0/plugins/com.st.stm32cube.ide.mcu.externaltools.gnu-tools-for-stm32.12.3.rel1.linux64_1.1.0.202410170702/tools/bin/../lib/gcc/arm-none-eabi/12.3.1/../../../../arm-none-eabi/lib/thumb/v7e-m+fp/hard/libc_nano.a(libc_a-impure.o)
                0x20000164                _impure_data
 *(.RamFunc)
 *(.RamFunc*)
                0x200001b0                        . = ALIGN (0x4)
                0x200001b0                        _edata = .

.igot.plt       0x200001b0        0x0 load address 0x08009d6c
 .igot.plt      0x200001b0        0x0 /home/joren/st/stm32cubeide_1.17.0/plugins/com.st.stm32cube.ide.mcu.externaltools.gnu-tools-for-stm32.12.3.rel1.linux64_1.1.0.202410170702/tools/bin/../lib/gcc/arm-none-eabi/12.3.1/thumb/v7e-m+fp/hard/crtbegin.o
                0x200001b0                        . = ALIGN (0x4)

.bss            0x200001b0      0xbe0 load address 0x08009d6c
                0x200001b0                        _sbss = .
                0x200001b0                        __bss_start__ = _sbss
 *(.bss)
 .bss           0x200001b0       0x1c /home/joren/st/stm32cubeide_1.17.0/plugins/com.st.stm32cube.ide.mcu.externaltools.gnu-tools-for-stm32.12.3.rel1.linux64_1.1.0.202410170702/tools/bin/../lib/gcc/arm-none-eabi/12.3.1/thumb/v7e-m+fp/hard/crtbegin.o
 *(.bss*)
 .bss.encoder   0x200001cc       0x18 ./Core/Src/main.o
                0x200001cc                encoder
 .bss.lastEncoderState
                0x200001e4       0x18 ./Core/Src/main.o
                0x200001e4                lastEncoderState
 .bss.timeLastCycle
                0x200001fc        0x4 ./Core/Src/main.o
                0x200001fc                timeLastCycle
 .bss.hi2c1     0x20000200       0x54 ./Core/Src/main.o
                0x20000200                hi2c1
 .bss.mouseReportContainer
                0x20000254        0x8 ./Core/Src/main.o
                0x20000254                mouseReportContainer
 .bss.lastMouseReportContainer
                0x2000025c        0x8 ./Core/Src/main.o
                0x2000025c                lastMouseReportContainer
 .bss.__sbrk_heap_end
                0x20000264        0x4 ./Core/Src/sysmem.o
 .bss.uwTick    0x20000268        0x4 ./Drivers/STM32F4xx_HAL_Driver/Src/stm32f4xx_hal.o
                0x20000268                uwTick
 .bss.rx_buffer
                0x2000026c        0x6 ./Middlewares/ST/STM32_USB_Device_Library/Class/HID/Src/usbd_hid.o
                0x2000026c                rx_buffer
 .bss.cfgidx.0  0x20000272        0x1 ./Middlewares/ST/STM32_USB_Device_Library/Core/Src/usbd_ctlreq.o
 *fill*         0x20000273        0x1 
 .bss.hUsbDeviceFS
                0x20000274      0x2dc ./USB_DEVICE/App/usb_device.o
                0x20000274                hUsbDeviceFS
 .bss.USBD_StrDesc
                0x20000550      0x200 ./USB_DEVICE/App/usbd_desc.o
                0x20000550                USBD_StrDesc
 .bss.hpcd_USB_OTG_FS
                0x20000750      0x4e4 ./USB_DEVICE/Target/usbd_conf.o
                0x20000750                hpcd_USB_OTG_FS
 .bss.mem.0     0x20000c34       0x14 ./USB_DEVICE/Target/usbd_conf.o
 .bss.__malloc_sbrk_start
                0x20000c48        0x4 /home/joren/st/stm32cubeide_1.17.0/plugins/com.st.stm32cube.ide.mcu.externaltools.gnu-tools-for-stm32.12.3.rel1.linux64_1.1.0.202410170702/tools/bin/../lib/gcc/arm-none-eabi/12.3.1/../../../../arm-none-eabi/lib/thumb/v7e-m+fp/hard/libc_nano.a(libc_a-mallocr.o)
                0x20000c48                __malloc_sbrk_start
 .bss.__malloc_free_list
                0x20000c4c        0x4 /home/joren/st/stm32cubeide_1.17.0/plugins/com.st.stm32cube.ide.mcu.externaltools.gnu-tools-for-stm32.12.3.rel1.linux64_1.1.0.202410170702/tools/bin/../lib/gcc/arm-none-eabi/12.3.1/../../../../arm-none-eabi/lib/thumb/v7e-m+fp/hard/libc_nano.a(libc_a-mallocr.o)
                0x20000c4c                __malloc_free_list
 .bss.__sf      0x20000c50      0x138 /home/joren/st/stm32cubeide_1.17.0/plugins/com.st.stm32cube.ide.mcu.externaltools.gnu-tools-for-stm32.12.3.rel1.linux64_1.1.0.202410170702/tools/bin/../lib/gcc/arm-none-eabi/12.3.1/../../../../arm-none-eabi/lib/thumb/v7e-m+fp/hard/libc_nano.a(libc_a-findfp.o)
                0x20000c50                __sf
 .bss.errno     0x20000d88        0x4 /home/joren/st/stm32cubeide_1.17.0/plugins/com.st.stm32cube.ide.mcu.externaltools.gnu-tools-for-stm32.12.3.rel1.linux64_1.1.0.202410170702/tools/bin/../lib/gcc/arm-none-eabi/12.3.1/../../../../arm-none-eabi/lib/thumb/v7e-m+fp/hard/libc_nano.a(libc_a-reent.o)
                0x20000d88                errno
 .bss.__lock___malloc_recursive_mutex
                0x20000d8c        0x1 /home/joren/st/stm32cubeide_1.17.0/plugins/com.st.stm32cube.ide.mcu.externaltools.gnu-tools-for-stm32.12.3.rel1.linux64_1.1.0.202410170702/tools/bin/../lib/gcc/arm-none-eabi/12.3.1/../../../../arm-none-eabi/lib/thumb/v7e-m+fp/hard/libc_nano.a(libc_a-lock.o)
                0x20000d8c                __lock___malloc_recursive_mutex
 *(COMMON)
                0x20000d90                        . = ALIGN (0x4)
 *fill*         0x20000d8d        0x3 
                0x20000d90                        _ebss = .
                0x20000d90                        __bss_end__ = _ebss

._user_heap_stack
                0x20000d90      0x600 load address 0x08009d6c
                0x20000d90                        . = ALIGN (0x8)
                [!provide]                        PROVIDE (end = .)
                0x20000d90                        PROVIDE (_end = .)
                0x20000f90                        . = (. + _Min_Heap_Size)
 *fill*         0x20000d90      0x200 
                0x20001390                        . = (. + _Min_Stack_Size)
 *fill*         0x20000f90      0x400 
                0x20001390                        . = ALIGN (0x8)

/DISCARD/
 libc.a(*)
 libm.a(*)
 libgcc.a(*)

.ARM.attributes
                0x00000000       0x30
 *(.ARM.attributes)
 .ARM.attributes
                0x00000000       0x22 /home/joren/st/stm32cubeide_1.17.0/plugins/com.st.stm32cube.ide.mcu.externaltools.gnu-tools-for-stm32.12.3.rel1.linux64_1.1.0.202410170702/tools/bin/../lib/gcc/arm-none-eabi/12.3.1/thumb/v7e-m+fp/hard/crti.o
 .ARM.attributes
                0x00000022       0x34 /home/joren/st/stm32cubeide_1.17.0/plugins/com.st.stm32cube.ide.mcu.externaltools.gnu-tools-for-stm32.12.3.rel1.linux64_1.1.0.202410170702/tools/bin/../lib/gcc/arm-none-eabi/12.3.1/thumb/v7e-m+fp/hard/crtbegin.o
 .ARM.attributes
                0x00000056       0x34 ./Core/Src/as5600.o
 .ARM.attributes
                0x0000008a       0x34 ./Core/Src/main.o
 .ARM.attributes
                0x000000be       0x34 ./Core/Src/stm32f4xx_hal_msp.o
 .ARM.attributes
                0x000000f2       0x34 ./Core/Src/stm32f4xx_it.o
 .ARM.attributes
                0x00000126       0x34 ./Core/Src/sysmem.o
 .ARM.attributes
                0x0000015a       0x34 ./Core/Src/system_stm32f4xx.o
 .ARM.attributes
                0x0000018e       0x21 ./Core/Startup/startup_stm32f411ceux.o
 .ARM.attributes
                0x000001af       0x34 ./Drivers/STM32F4xx_HAL_Driver/Src/stm32f4xx_hal.o
 .ARM.attributes
                0x000001e3       0x34 ./Drivers/STM32F4xx_HAL_Driver/Src/stm32f4xx_hal_cortex.o
 .ARM.attributes
                0x00000217       0x34 ./Drivers/STM32F4xx_HAL_Driver/Src/stm32f4xx_hal_dma.o
 .ARM.attributes
                0x0000024b       0x34 ./Drivers/STM32F4xx_HAL_Driver/Src/stm32f4xx_hal_gpio.o
 .ARM.attributes
                0x0000027f       0x34 ./Drivers/STM32F4xx_HAL_Driver/Src/stm32f4xx_hal_i2c.o
 .ARM.attributes
                0x000002b3       0x34 ./Drivers/STM32F4xx_HAL_Driver/Src/stm32f4xx_hal_pcd.o
 .ARM.attributes
                0x000002e7       0x34 ./Drivers/STM32F4xx_HAL_Driver/Src/stm32f4xx_hal_pcd_ex.o
 .ARM.attributes
                0x0000031b       0x34 ./Drivers/STM32F4xx_HAL_Driver/Src/stm32f4xx_hal_rcc.o
 .ARM.attributes
                0x0000034f       0x34 ./Drivers/STM32F4xx_HAL_Driver/Src/stm32f4xx_ll_usb.o
 .ARM.attributes
                0x00000383       0x34 ./Middlewares/ST/STM32_USB_Device_Library/Class/HID/Src/usbd_hid.o
 .ARM.attributes
                0x000003b7       0x34 ./Middlewares/ST/STM32_USB_Device_Library/Core/Src/usbd_core.o
 .ARM.attributes
                0x000003eb       0x34 ./Middlewares/ST/STM32_USB_Device_Library/Core/Src/usbd_ctlreq.o
 .ARM.attributes
                0x0000041f       0x34 ./Middlewares/ST/STM32_USB_Device_Library/Core/Src/usbd_ioreq.o
 .ARM.attributes
                0x00000453       0x34 ./USB_DEVICE/App/usb_device.o
 .ARM.attributes
                0x00000487       0x34 ./USB_DEVICE/App/usbd_desc.o
 .ARM.attributes
                0x000004bb       0x34 ./USB_DEVICE/Target/usbd_conf.o
 .ARM.attributes
                0x000004ef       0x34 /home/joren/st/stm32cubeide_1.17.0/plugins/com.st.stm32cube.ide.mcu.externaltools.gnu-tools-for-stm32.12.3.rel1.linux64_1.1.0.202410170702/tools/bin/../lib/gcc/arm-none-eabi/12.3.1/../../../../arm-none-eabi/lib/thumb/v7e-m+fp/hard/libc_nano.a(libc_a-calloc.o)
 .ARM.attributes
                0x00000523       0x34 /home/joren/st/stm32cubeide_1.17.0/plugins/com.st.stm32cube.ide.mcu.externaltools.gnu-tools-for-stm32.12.3.rel1.linux64_1.1.0.202410170702/tools/bin/../lib/gcc/arm-none-eabi/12.3.1/../../../../arm-none-eabi/lib/thumb/v7e-m+fp/hard/libc_nano.a(libc_a-callocr.o)
 .ARM.attributes
                0x00000557       0x34 /home/joren/st/stm32cubeide_1.17.0/plugins/com.st.stm32cube.ide.mcu.externaltools.gnu-tools-for-stm32.12.3.rel1.linux64_1.1.0.202410170702/tools/bin/../lib/gcc/arm-none-eabi/12.3.1/../../../../arm-none-eabi/lib/thumb/v7e-m+fp/hard/libc_nano.a(libc_a-mallocr.o)
 .ARM.attributes
                0x0000058b       0x34 /home/joren/st/stm32cubeide_1.17.0/plugins/com.st.stm32cube.ide.mcu.externaltools.gnu-tools-for-stm32.12.3.rel1.linux64_1.1.0.202410170702/tools/bin/../lib/gcc/arm-none-eabi/12.3.1/../../../../arm-none-eabi/lib/thumb/v7e-m+fp/hard/libc_nano.a(libc_a-mlock.o)
 .ARM.attributes
                0x000005bf       0x34 /home/joren/st/stm32cubeide_1.17.0/plugins/com.st.stm32cube.ide.mcu.externaltools.gnu-tools-for-stm32.12.3.rel1.linux64_1.1.0.202410170702/tools/bin/../lib/gcc/arm-none-eabi/12.3.1/../../../../arm-none-eabi/lib/thumb/v7e-m+fp/hard/libc_nano.a(libc_a-findfp.o)
 .ARM.attributes
                0x000005f3       0x34 /home/joren/st/stm32cubeide_1.17.0/plugins/com.st.stm32cube.ide.mcu.externaltools.gnu-tools-for-stm32.12.3.rel1.linux64_1.1.0.202410170702/tools/bin/../lib/gcc/arm-none-eabi/12.3.1/../../../../arm-none-eabi/lib/thumb/v7e-m+fp/hard/libc_nano.a(libc_a-memset.o)
 .ARM.attributes
                0x00000627       0x34 /home/joren/st/stm32cubeide_1.17.0/plugins/com.st.stm32cube.ide.mcu.externaltools.gnu-tools-for-stm32.12.3.rel1.linux64_1.1.0.202410170702/tools/bin/../lib/gcc/arm-none-eabi/12.3.1/../../../../arm-none-eabi/lib/thumb/v7e-m+fp/hard/libc_nano.a(libc_a-reent.o)
 .ARM.attributes
                0x0000065b       0x34 /home/joren/st/stm32cubeide_1.17.0/plugins/com.st.stm32cube.ide.mcu.externaltools.gnu-tools-for-stm32.12.3.rel1.linux64_1.1.0.202410170702/tools/bin/../lib/gcc/arm-none-eabi/12.3.1/../../../../arm-none-eabi/lib/thumb/v7e-m+fp/hard/libc_nano.a(libc_a-impure.o)
 .ARM.attributes
                0x0000068f       0x34 /home/joren/st/stm32cubeide_1.17.0/plugins/com.st.stm32cube.ide.mcu.externaltools.gnu-tools-for-stm32.12.3.rel1.linux64_1.1.0.202410170702/tools/bin/../lib/gcc/arm-none-eabi/12.3.1/../../../../arm-none-eabi/lib/thumb/v7e-m+fp/hard/libc_nano.a(libc_a-sbrkr.o)
 .ARM.attributes
                0x000006c3       0x34 /home/joren/st/stm32cubeide_1.17.0/plugins/com.st.stm32cube.ide.mcu.externaltools.gnu-tools-for-stm32.12.3.rel1.linux64_1.1.0.202410170702/tools/bin/../lib/gcc/arm-none-eabi/12.3.1/../../../../arm-none-eabi/lib/thumb/v7e-m+fp/hard/libc_nano.a(libc_a-errno.o)
 .ARM.attributes
                0x000006f7       0x34 /home/joren/st/stm32cubeide_1.17.0/plugins/com.st.stm32cube.ide.mcu.externaltools.gnu-tools-for-stm32.12.3.rel1.linux64_1.1.0.202410170702/tools/bin/../lib/gcc/arm-none-eabi/12.3.1/../../../../arm-none-eabi/lib/thumb/v7e-m+fp/hard/libc_nano.a(libc_a-init.o)
 .ARM.attributes
                0x0000072b       0x34 /home/joren/st/stm32cubeide_1.17.0/plugins/com.st.stm32cube.ide.mcu.externaltools.gnu-tools-for-stm32.12.3.rel1.linux64_1.1.0.202410170702/tools/bin/../lib/gcc/arm-none-eabi/12.3.1/../../../../arm-none-eabi/lib/thumb/v7e-m+fp/hard/libc_nano.a(libc_a-lock.o)
 .ARM.attributes
                0x0000075f       0x22 /home/joren/st/stm32cubeide_1.17.0/plugins/com.st.stm32cube.ide.mcu.externaltools.gnu-tools-for-stm32.12.3.rel1.linux64_1.1.0.202410170702/tools/bin/../lib/gcc/arm-none-eabi/12.3.1/thumb/v7e-m+fp/hard/libgcc.a(_aeabi_uldivmod.o)
 .ARM.attributes
                0x00000781       0x34 /home/joren/st/stm32cubeide_1.17.0/plugins/com.st.stm32cube.ide.mcu.externaltools.gnu-tools-for-stm32.12.3.rel1.linux64_1.1.0.202410170702/tools/bin/../lib/gcc/arm-none-eabi/12.3.1/thumb/v7e-m+fp/hard/libgcc.a(_udivmoddi4.o)
 .ARM.attributes
                0x000007b5       0x22 /home/joren/st/stm32cubeide_1.17.0/plugins/com.st.stm32cube.ide.mcu.externaltools.gnu-tools-for-stm32.12.3.rel1.linux64_1.1.0.202410170702/tools/bin/../lib/gcc/arm-none-eabi/12.3.1/thumb/v7e-m+fp/hard/libgcc.a(_dvmd_tls.o)
 .ARM.attributes
                0x000007d7       0x22 /home/joren/st/stm32cubeide_1.17.0/plugins/com.st.stm32cube.ide.mcu.externaltools.gnu-tools-for-stm32.12.3.rel1.linux64_1.1.0.202410170702/tools/bin/../lib/gcc/arm-none-eabi/12.3.1/thumb/v7e-m+fp/hard/crtn.o
OUTPUT(wheelTest.elf elf32-littlearm)
LOAD linker stubs
LOAD /home/joren/st/stm32cubeide_1.17.0/plugins/com.st.stm32cube.ide.mcu.externaltools.gnu-tools-for-stm32.12.3.rel1.linux64_1.1.0.202410170702/tools/bin/../lib/gcc/arm-none-eabi/12.3.1/../../../../arm-none-eabi/lib/thumb/v7e-m+fp/hard/libc.a
LOAD /home/joren/st/stm32cubeide_1.17.0/plugins/com.st.stm32cube.ide.mcu.externaltools.gnu-tools-for-stm32.12.3.rel1.linux64_1.1.0.202410170702/tools/bin/../lib/gcc/arm-none-eabi/12.3.1/../../../../arm-none-eabi/lib/thumb/v7e-m+fp/hard/libm.a
LOAD /home/joren/st/stm32cubeide_1.17.0/plugins/com.st.stm32cube.ide.mcu.externaltools.gnu-tools-for-stm32.12.3.rel1.linux64_1.1.0.202410170702/tools/bin/../lib/gcc/arm-none-eabi/12.3.1/thumb/v7e-m+fp/hard/libgcc.a

.debug_info     0x00000000    0x11c9a
 .debug_info    0x00000000      0xd31 ./Core/Src/as5600.o
 .debug_info    0x00000d31     0x16c4 ./Core/Src/main.o
 .debug_info    0x000023f5      0xb27 ./Core/Src/stm32f4xx_hal_msp.o
 .debug_info    0x00002f1c      0xb56 ./Core/Src/stm32f4xx_it.o
 .debug_info    0x00003a72      0x168 ./Core/Src/sysmem.o
 .debug_info    0x00003bda      0x53e ./Core/Src/system_stm32f4xx.o
 .debug_info    0x00004118       0x30 ./Core/Startup/startup_stm32f411ceux.o
 .debug_info    0x00004148      0x8c4 ./Drivers/STM32F4xx_HAL_Driver/Src/stm32f4xx_hal.o
 .debug_info    0x00004a0c      0xcfc ./Drivers/STM32F4xx_HAL_Driver/Src/stm32f4xx_hal_cortex.o
 .debug_info    0x00005708      0x8e6 ./Drivers/STM32F4xx_HAL_Driver/Src/stm32f4xx_hal_dma.o
 .debug_info    0x00005fee      0x6f9 ./Drivers/STM32F4xx_HAL_Driver/Src/stm32f4xx_hal_gpio.o
 .debug_info    0x000066e7     0x2426 ./Drivers/STM32F4xx_HAL_Driver/Src/stm32f4xx_hal_i2c.o
 .debug_info    0x00008b0d     0x1577 ./Drivers/STM32F4xx_HAL_Driver/Src/stm32f4xx_hal_pcd.o
 .debug_info    0x0000a084      0x6ea ./Drivers/STM32F4xx_HAL_Driver/Src/stm32f4xx_hal_pcd_ex.o
 .debug_info    0x0000a76e      0x8f0 ./Drivers/STM32F4xx_HAL_Driver/Src/stm32f4xx_hal_rcc.o
 .debug_info    0x0000b05e     0x1993 ./Drivers/STM32F4xx_HAL_Driver/Src/stm32f4xx_ll_usb.o
 .debug_info    0x0000c9f1      0xc5f ./Middlewares/ST/STM32_USB_Device_Library/Class/HID/Src/usbd_hid.o
 .debug_info    0x0000d650      0xe05 ./Middlewares/ST/STM32_USB_Device_Library/Core/Src/usbd_core.o
 .debug_info    0x0000e455      0xade ./Middlewares/ST/STM32_USB_Device_Library/Core/Src/usbd_ctlreq.o
 .debug_info    0x0000ef33      0x755 ./Middlewares/ST/STM32_USB_Device_Library/Core/Src/usbd_ioreq.o
 .debug_info    0x0000f688      0x5ef ./USB_DEVICE/App/usb_device.o
 .debug_info    0x0000fc77      0x458 ./USB_DEVICE/App/usbd_desc.o
 .debug_info    0x000100cf     0x1bcb ./USB_DEVICE/Target/usbd_conf.o

.debug_abbrev   0x00000000     0x3179
 .debug_abbrev  0x00000000      0x241 ./Core/Src/as5600.o
 .debug_abbrev  0x00000241      0x39d ./Core/Src/main.o
 .debug_abbrev  0x000005de      0x1c1 ./Core/Src/stm32f4xx_hal_msp.o
 .debug_abbrev  0x0000079f      0x1d3 ./Core/Src/stm32f4xx_it.o
 .debug_abbrev  0x00000972       0xbc ./Core/Src/sysmem.o
 .debug_abbrev  0x00000a2e      0x11a ./Core/Src/system_stm32f4xx.o
 .debug_abbrev  0x00000b48       0x24 ./Core/Startup/startup_stm32f411ceux.o
 .debug_abbrev  0x00000b6c      0x24b ./Drivers/STM32F4xx_HAL_Driver/Src/stm32f4xx_hal.o
 .debug_abbrev  0x00000db7      0x31d ./Drivers/STM32F4xx_HAL_Driver/Src/stm32f4xx_hal_cortex.o
 .debug_abbrev  0x000010d4      0x221 ./Drivers/STM32F4xx_HAL_Driver/Src/stm32f4xx_hal_dma.o
 .debug_abbrev  0x000012f5      0x1d3 ./Drivers/STM32F4xx_HAL_Driver/Src/stm32f4xx_hal_gpio.o
 .debug_abbrev  0x000014c8      0x2bc ./Drivers/STM32F4xx_HAL_Driver/Src/stm32f4xx_hal_i2c.o
 .debug_abbrev  0x00001784      0x2b6 ./Drivers/STM32F4xx_HAL_Driver/Src/stm32f4xx_hal_pcd.o
 .debug_abbrev  0x00001a3a      0x1da ./Drivers/STM32F4xx_HAL_Driver/Src/stm32f4xx_hal_pcd_ex.o
 .debug_abbrev  0x00001c14      0x2b6 ./Drivers/STM32F4xx_HAL_Driver/Src/stm32f4xx_hal_rcc.o
 .debug_abbrev  0x00001eca      0x2b3 ./Drivers/STM32F4xx_HAL_Driver/Src/stm32f4xx_ll_usb.o
 .debug_abbrev  0x0000217d      0x2c9 ./Middlewares/ST/STM32_USB_Device_Library/Class/HID/Src/usbd_hid.o
 .debug_abbrev  0x00002446      0x27c ./Middlewares/ST/STM32_USB_Device_Library/Core/Src/usbd_core.o
 .debug_abbrev  0x000026c2      0x26f ./Middlewares/ST/STM32_USB_Device_Library/Core/Src/usbd_ctlreq.o
 .debug_abbrev  0x00002931      0x19a ./Middlewares/ST/STM32_USB_Device_Library/Core/Src/usbd_ioreq.o
 .debug_abbrev  0x00002acb      0x190 ./USB_DEVICE/App/usb_device.o
 .debug_abbrev  0x00002c5b      0x1e1 ./USB_DEVICE/App/usbd_desc.o
 .debug_abbrev  0x00002e3c      0x33d ./USB_DEVICE/Target/usbd_conf.o

.debug_aranges  0x00000000      0xf10
 .debug_aranges
                0x00000000       0xa0 ./Core/Src/as5600.o
 .debug_aranges
                0x000000a0       0x50 ./Core/Src/main.o
 .debug_aranges
                0x000000f0       0x30 ./Core/Src/stm32f4xx_hal_msp.o
 .debug_aranges
                0x00000120       0x78 ./Core/Src/stm32f4xx_it.o
 .debug_aranges
                0x00000198       0x20 ./Core/Src/sysmem.o
 .debug_aranges
                0x000001b8       0x28 ./Core/Src/system_stm32f4xx.o
 .debug_aranges
                0x000001e0       0x28 ./Core/Startup/startup_stm32f411ceux.o
 .debug_aranges
                0x00000208       0xf0 ./Drivers/STM32F4xx_HAL_Driver/Src/stm32f4xx_hal.o
 .debug_aranges
                0x000002f8      0x130 ./Drivers/STM32F4xx_HAL_Driver/Src/stm32f4xx_hal_cortex.o
 .debug_aranges
                0x00000428       0x90 ./Drivers/STM32F4xx_HAL_Driver/Src/stm32f4xx_hal_dma.o
 .debug_aranges
                0x000004b8       0x58 ./Drivers/STM32F4xx_HAL_Driver/Src/stm32f4xx_hal_gpio.o
 .debug_aranges
                0x00000510      0x2a8 ./Drivers/STM32F4xx_HAL_Driver/Src/stm32f4xx_hal_i2c.o
 .debug_aranges
                0x000007b8      0x148 ./Drivers/STM32F4xx_HAL_Driver/Src/stm32f4xx_hal_pcd.o
 .debug_aranges
                0x00000900       0x38 ./Drivers/STM32F4xx_HAL_Driver/Src/stm32f4xx_hal_pcd_ex.o
 .debug_aranges
                0x00000938       0x88 ./Drivers/STM32F4xx_HAL_Driver/Src/stm32f4xx_hal_rcc.o
 .debug_aranges
                0x000009c0      0x1a0 ./Drivers/STM32F4xx_HAL_Driver/Src/stm32f4xx_ll_usb.o
 .debug_aranges
                0x00000b60       0x68 ./Middlewares/ST/STM32_USB_Device_Library/Class/HID/Src/usbd_hid.o
 .debug_aranges
                0x00000bc8       0xd8 ./Middlewares/ST/STM32_USB_Device_Library/Core/Src/usbd_core.o
 .debug_aranges
                0x00000ca0       0x90 ./Middlewares/ST/STM32_USB_Device_Library/Core/Src/usbd_ctlreq.o
 .debug_aranges
                0x00000d30       0x50 ./Middlewares/ST/STM32_USB_Device_Library/Core/Src/usbd_ioreq.o
 .debug_aranges
                0x00000d80       0x20 ./USB_DEVICE/App/usb_device.o
 .debug_aranges
                0x00000da0       0x60 ./USB_DEVICE/App/usbd_desc.o
 .debug_aranges
                0x00000e00      0x110 ./USB_DEVICE/Target/usbd_conf.o

.debug_rnglists
                0x00000000      0xb67
 .debug_rnglists
                0x00000000       0x79 ./Core/Src/as5600.o
 .debug_rnglists
                0x00000079       0x3b ./Core/Src/main.o
 .debug_rnglists
                0x000000b4       0x20 ./Core/Src/stm32f4xx_hal_msp.o
 .debug_rnglists
                0x000000d4       0x55 ./Core/Src/stm32f4xx_it.o
 .debug_rnglists
                0x00000129       0x13 ./Core/Src/sysmem.o
 .debug_rnglists
                0x0000013c       0x1a ./Core/Src/system_stm32f4xx.o
 .debug_rnglists
                0x00000156       0x19 ./Core/Startup/startup_stm32f411ceux.o
 .debug_rnglists
                0x0000016f       0xaf ./Drivers/STM32F4xx_HAL_Driver/Src/stm32f4xx_hal.o
 .debug_rnglists
                0x0000021e       0xe0 ./Drivers/STM32F4xx_HAL_Driver/Src/stm32f4xx_hal_cortex.o
 .debug_rnglists
                0x000002fe       0x70 ./Drivers/STM32F4xx_HAL_Driver/Src/stm32f4xx_hal_dma.o
 .debug_rnglists
                0x0000036e       0x3f ./Drivers/STM32F4xx_HAL_Driver/Src/stm32f4xx_hal_gpio.o
 .debug_rnglists
                0x000003ad      0x23c ./Drivers/STM32F4xx_HAL_Driver/Src/stm32f4xx_hal_i2c.o
 .debug_rnglists
                0x000005e9       0xfa ./Drivers/STM32F4xx_HAL_Driver/Src/stm32f4xx_hal_pcd.o
 .debug_rnglists
                0x000006e3       0x26 ./Drivers/STM32F4xx_HAL_Driver/Src/stm32f4xx_hal_pcd_ex.o
 .debug_rnglists
                0x00000709       0x66 ./Drivers/STM32F4xx_HAL_Driver/Src/stm32f4xx_hal_rcc.o
 .debug_rnglists
                0x0000076f      0x147 ./Drivers/STM32F4xx_HAL_Driver/Src/stm32f4xx_ll_usb.o
 .debug_rnglists
                0x000008b6       0x4c ./Middlewares/ST/STM32_USB_Device_Library/Class/HID/Src/usbd_hid.o
 .debug_rnglists
                0x00000902       0xa1 ./Middlewares/ST/STM32_USB_Device_Library/Core/Src/usbd_core.o
 .debug_rnglists
                0x000009a3       0x6e ./Middlewares/ST/STM32_USB_Device_Library/Core/Src/usbd_ctlreq.o
 .debug_rnglists
                0x00000a11       0x37 ./Middlewares/ST/STM32_USB_Device_Library/Core/Src/usbd_ioreq.o
 .debug_rnglists
                0x00000a48       0x13 ./USB_DEVICE/App/usb_device.o
 .debug_rnglists
                0x00000a5b       0x43 ./USB_DEVICE/App/usbd_desc.o
 .debug_rnglists
                0x00000a9e       0xc9 ./USB_DEVICE/Target/usbd_conf.o

.debug_macro    0x00000000    0x18966
 .debug_macro   0x00000000      0x1fc ./Core/Src/as5600.o
 .debug_macro   0x000001fc      0xab4 ./Core/Src/as5600.o
 .debug_macro   0x00000cb0       0x22 ./Core/Src/as5600.o
 .debug_macro   0x00000cd2       0x8e ./Core/Src/as5600.o
 .debug_macro   0x00000d60       0x51 ./Core/Src/as5600.o
 .debug_macro   0x00000db1      0x103 ./Core/Src/as5600.o
 .debug_macro   0x00000eb4       0x6a ./Core/Src/as5600.o
 .debug_macro   0x00000f1e      0x1df ./Core/Src/as5600.o
 .debug_macro   0x000010fd      0x29b ./Core/Src/as5600.o
 .debug_macro   0x00001398       0x2e ./Core/Src/as5600.o
 .debug_macro   0x000013c6       0x28 ./Core/Src/as5600.o
 .debug_macro   0x000013ee       0x1c ./Core/Src/as5600.o
 .debug_macro   0x0000140a       0x22 ./Core/Src/as5600.o
 .debug_macro   0x0000142c       0xfb ./Core/Src/as5600.o
 .debug_macro   0x00001527     0x1011 ./Core/Src/as5600.o
 .debug_macro   0x00002538      0x11f ./Core/Src/as5600.o
 .debug_macro   0x00002657     0xb953 ./Core/Src/as5600.o
 .debug_macro   0x0000dfaa       0x6d ./Core/Src/as5600.o
 .debug_macro   0x0000e017     0x369a ./Core/Src/as5600.o
 .debug_macro   0x000116b1      0x189 ./Core/Src/as5600.o
 .debug_macro   0x0001183a       0x5c ./Core/Src/as5600.o
 .debug_macro   0x00011896      0x45c ./Core/Src/as5600.o
 .debug_macro   0x00011cf2      0x9e9 ./Core/Src/as5600.o
 .debug_macro   0x000126db      0x115 ./Core/Src/as5600.o
 .debug_macro   0x000127f0      0x11b ./Core/Src/as5600.o
 .debug_macro   0x0001290b       0xa5 ./Core/Src/as5600.o
 .debug_macro   0x000129b0      0x15f ./Core/Src/as5600.o
 .debug_macro   0x00012b0f      0x287 ./Core/Src/as5600.o
 .debug_macro   0x00012d96       0x5f ./Core/Src/as5600.o
 .debug_macro   0x00012df5      0x236 ./Core/Src/as5600.o
 .debug_macro   0x0001302b      0x132 ./Core/Src/as5600.o
 .debug_macro   0x0001315d      0x264 ./Core/Src/as5600.o
 .debug_macro   0x000133c1       0x2e ./Core/Src/as5600.o
 .debug_macro   0x000133ef      0x1b5 ./Core/Src/as5600.o
 .debug_macro   0x000135a4       0x22 ./Core/Src/as5600.o
 .debug_macro   0x000135c6       0xd6 ./Core/Src/as5600.o
 .debug_macro   0x0001369c      0x127 ./Core/Src/as5600.o
 .debug_macro   0x000137c3       0x85 ./Core/Src/as5600.o
 .debug_macro   0x00013848       0x89 ./Core/Src/as5600.o
 .debug_macro   0x000138d1      0x293 ./Core/Src/as5600.o
 .debug_macro   0x00013b64       0xba ./Core/Src/as5600.o
 .debug_macro   0x00013c1e      0x126 ./Core/Src/as5600.o
 .debug_macro   0x00013d44      0x186 ./Core/Src/as5600.o
 .debug_macro   0x00013eca      0x37e ./Core/Src/main.o
 .debug_macro   0x00014248       0x10 ./Core/Src/main.o
 .debug_macro   0x00014258       0x61 ./Core/Src/main.o
 .debug_macro   0x000142b9       0x2a ./Core/Src/main.o
 .debug_macro   0x000142e3       0x43 ./Core/Src/main.o
 .debug_macro   0x00014326       0x34 ./Core/Src/main.o
 .debug_macro   0x0001435a       0x16 ./Core/Src/main.o
 .debug_macro   0x00014370       0x35 ./Core/Src/main.o
 .debug_macro   0x000143a5      0x369 ./Core/Src/main.o
 .debug_macro   0x0001470e       0x10 ./Core/Src/main.o
 .debug_macro   0x0001471e       0x16 ./Core/Src/main.o
 .debug_macro   0x00014734       0x43 ./Core/Src/main.o
 .debug_macro   0x00014777       0x34 ./Core/Src/main.o
 .debug_macro   0x000147ab       0x10 ./Core/Src/main.o
 .debug_macro   0x000147bb       0x58 ./Core/Src/main.o
 .debug_macro   0x00014813       0x8e ./Core/Src/main.o
 .debug_macro   0x000148a1       0x1c ./Core/Src/main.o
 .debug_macro   0x000148bd      0x177 ./Core/Src/main.o
 .debug_macro   0x00014a34       0x16 ./Core/Src/main.o
 .debug_macro   0x00014a4a       0x16 ./Core/Src/main.o
 .debug_macro   0x00014a60      0x146 ./Core/Src/main.o
 .debug_macro   0x00014ba6       0x16 ./Core/Src/main.o
 .debug_macro   0x00014bbc       0x16 ./Core/Src/main.o
 .debug_macro   0x00014bd2       0x29 ./Core/Src/main.o
 .debug_macro   0x00014bfb       0x16 ./Core/Src/main.o
 .debug_macro   0x00014c11       0x20 ./Core/Src/main.o
 .debug_macro   0x00014c31       0x6b ./Core/Src/main.o
 .debug_macro   0x00014c9c      0x20f ./Core/Src/main.o
 .debug_macro   0x00014eab      0x18c ./Core/Src/main.o
 .debug_macro   0x00015037       0x22 ./Core/Src/main.o
 .debug_macro   0x00015059      0x1fc ./Core/Src/stm32f4xx_hal_msp.o
 .debug_macro   0x00015255      0x206 ./Core/Src/stm32f4xx_it.o
 .debug_macro   0x0001545b       0xff ./Core/Src/sysmem.o
 .debug_macro   0x0001555a      0x23c ./Core/Src/sysmem.o
 .debug_macro   0x00015796      0x1ed ./Core/Src/system_stm32f4xx.o
 .debug_macro   0x00015983      0x24d ./Drivers/STM32F4xx_HAL_Driver/Src/stm32f4xx_hal.o
 .debug_macro   0x00015bd0      0x1ed ./Drivers/STM32F4xx_HAL_Driver/Src/stm32f4xx_hal_cortex.o
 .debug_macro   0x00015dbd      0x1f3 ./Drivers/STM32F4xx_HAL_Driver/Src/stm32f4xx_hal_dma.o
 .debug_macro   0x00015fb0      0x1f3 ./Drivers/STM32F4xx_HAL_Driver/Src/stm32f4xx_hal_gpio.o
 .debug_macro   0x000161a3      0x23b ./Drivers/STM32F4xx_HAL_Driver/Src/stm32f4xx_hal_i2c.o
 .debug_macro   0x000163de      0x1f9 ./Drivers/STM32F4xx_HAL_Driver/Src/stm32f4xx_hal_pcd.o
 .debug_macro   0x000165d7      0x1ed ./Drivers/STM32F4xx_HAL_Driver/Src/stm32f4xx_hal_pcd_ex.o
 .debug_macro   0x000167c4      0x211 ./Drivers/STM32F4xx_HAL_Driver/Src/stm32f4xx_hal_rcc.o
 .debug_macro   0x000169d5      0x1ed ./Drivers/STM32F4xx_HAL_Driver/Src/stm32f4xx_ll_usb.o
 .debug_macro   0x00016bc2      0x391 ./Middlewares/ST/STM32_USB_Device_Library/Class/HID/Src/usbd_hid.o
 .debug_macro   0x00016f53       0x9e ./Middlewares/ST/STM32_USB_Device_Library/Class/HID/Src/usbd_hid.o
 .debug_macro   0x00016ff1      0x10b ./Middlewares/ST/STM32_USB_Device_Library/Class/HID/Src/usbd_hid.o
 .debug_macro   0x000170fc       0x56 ./Middlewares/ST/STM32_USB_Device_Library/Class/HID/Src/usbd_hid.o
 .debug_macro   0x00017152       0x5f ./Middlewares/ST/STM32_USB_Device_Library/Class/HID/Src/usbd_hid.o
 .debug_macro   0x000171b1      0x372 ./Middlewares/ST/STM32_USB_Device_Library/Core/Src/usbd_core.o
 .debug_macro   0x00017523      0x215 ./Middlewares/ST/STM32_USB_Device_Library/Core/Src/usbd_core.o
 .debug_macro   0x00017738      0x37c ./Middlewares/ST/STM32_USB_Device_Library/Core/Src/usbd_ctlreq.o
 .debug_macro   0x00017ab4      0x378 ./Middlewares/ST/STM32_USB_Device_Library/Core/Src/usbd_ioreq.o
 .debug_macro   0x00017e2c      0x3a2 ./USB_DEVICE/App/usb_device.o
 .debug_macro   0x000181ce       0x16 ./USB_DEVICE/App/usb_device.o
 .debug_macro   0x000181e4       0x22 ./USB_DEVICE/App/usb_device.o
 .debug_macro   0x00018206      0x3b5 ./USB_DEVICE/App/usbd_desc.o
 .debug_macro   0x000185bb       0x1c ./USB_DEVICE/App/usbd_desc.o
 .debug_macro   0x000185d7      0x38f ./USB_DEVICE/Target/usbd_conf.o

.debug_line     0x00000000    0x13e8b
 .debug_line    0x00000000      0xde2 ./Core/Src/as5600.o
 .debug_line    0x00000de2      0xb13 ./Core/Src/main.o
 .debug_line    0x000018f5      0x726 ./Core/Src/stm32f4xx_hal_msp.o
 .debug_line    0x0000201b      0x7e1 ./Core/Src/stm32f4xx_it.o
 .debug_line    0x000027fc      0x4d1 ./Core/Src/sysmem.o
 .debug_line    0x00002ccd      0x75b ./Core/Src/system_stm32f4xx.o
 .debug_line    0x00003428       0x7a ./Core/Startup/startup_stm32f411ceux.o
 .debug_line    0x000034a2      0x9c4 ./Drivers/STM32F4xx_HAL_Driver/Src/stm32f4xx_hal.o
 .debug_line    0x00003e66      0xcb6 ./Drivers/STM32F4xx_HAL_Driver/Src/stm32f4xx_hal_cortex.o
 .debug_line    0x00004b1c      0xf34 ./Drivers/STM32F4xx_HAL_Driver/Src/stm32f4xx_hal_dma.o
 .debug_line    0x00005a50      0xb14 ./Drivers/STM32F4xx_HAL_Driver/Src/stm32f4xx_hal_gpio.o
 .debug_line    0x00006564     0x3b0a ./Drivers/STM32F4xx_HAL_Driver/Src/stm32f4xx_hal_i2c.o
 .debug_line    0x0000a06e     0x14ad ./Drivers/STM32F4xx_HAL_Driver/Src/stm32f4xx_hal_pcd.o
 .debug_line    0x0000b51b      0x7a1 ./Drivers/STM32F4xx_HAL_Driver/Src/stm32f4xx_hal_pcd_ex.o
 .debug_line    0x0000bcbc      0xd4d ./Drivers/STM32F4xx_HAL_Driver/Src/stm32f4xx_hal_rcc.o
 .debug_line    0x0000ca09     0x1d43 ./Drivers/STM32F4xx_HAL_Driver/Src/stm32f4xx_ll_usb.o
 .debug_line    0x0000e74c      0xc46 ./Middlewares/ST/STM32_USB_Device_Library/Class/HID/Src/usbd_hid.o
 .debug_line    0x0000f392      0xecb ./Middlewares/ST/STM32_USB_Device_Library/Core/Src/usbd_core.o
 .debug_line    0x0001025d     0x10db ./Middlewares/ST/STM32_USB_Device_Library/Core/Src/usbd_ctlreq.o
 .debug_line    0x00011338      0x9e5 ./Middlewares/ST/STM32_USB_Device_Library/Core/Src/usbd_ioreq.o
 .debug_line    0x00011d1d      0x986 ./USB_DEVICE/App/usb_device.o
 .debug_line    0x000126a3      0xa6a ./USB_DEVICE/App/usbd_desc.o
 .debug_line    0x0001310d      0xd7e ./USB_DEVICE/Target/usbd_conf.o

.debug_str      0x00000000    0x8aa09
 .debug_str     0x00000000    0x819fc ./Core/Src/as5600.o
                              0x81d44 (size before relaxing)
 .debug_str     0x000819fc     0x4efe ./Core/Src/main.o
                              0x86b6e (size before relaxing)
 .debug_str     0x000868fa       0x77 ./Core/Src/stm32f4xx_hal_msp.o
                              0x81859 (size before relaxing)
 .debug_str     0x00086971      0x4a2 ./Core/Src/stm32f4xx_it.o
                              0x81786 (size before relaxing)
 .debug_str     0x00086e13      0x4dc ./Core/Src/sysmem.o
                               0x60d8 (size before relaxing)
 .debug_str     0x000872ef       0xdb ./Core/Src/system_stm32f4xx.o
                              0x80f8a (size before relaxing)
 .debug_str     0x000873ca       0x44 ./Core/Startup/startup_stm32f411ceux.o
                                 0x8b (size before relaxing)
 .debug_str     0x0008740e      0x601 ./Drivers/STM32F4xx_HAL_Driver/Src/stm32f4xx_hal.o
                              0x819b6 (size before relaxing)
 .debug_str     0x00087a0f      0x361 ./Drivers/STM32F4xx_HAL_Driver/Src/stm32f4xx_hal_cortex.o
                              0x81720 (size before relaxing)
 .debug_str     0x00087d70      0x322 ./Drivers/STM32F4xx_HAL_Driver/Src/stm32f4xx_hal_dma.o
                              0x81392 (size before relaxing)
 .debug_str     0x00088092      0x121 ./Drivers/STM32F4xx_HAL_Driver/Src/stm32f4xx_hal_gpio.o
                              0x81105 (size before relaxing)
 .debug_str     0x000881b3      0xaad ./Drivers/STM32F4xx_HAL_Driver/Src/stm32f4xx_hal_i2c.o
                              0x81f9b (size before relaxing)
 .debug_str     0x00088c60      0x831 ./Drivers/STM32F4xx_HAL_Driver/Src/stm32f4xx_hal_pcd.o
                              0x81a56 (size before relaxing)
 .debug_str     0x00089491      0x115 ./Drivers/STM32F4xx_HAL_Driver/Src/stm32f4xx_hal_pcd_ex.o
                              0x81346 (size before relaxing)
 .debug_str     0x000895a6      0x1ff ./Drivers/STM32F4xx_HAL_Driver/Src/stm32f4xx_hal_rcc.o
                              0x813be (size before relaxing)
 .debug_str     0x000897a5      0x4a4 ./Drivers/STM32F4xx_HAL_Driver/Src/stm32f4xx_ll_usb.o
                              0x81931 (size before relaxing)
 .debug_str     0x00089c49      0x54e ./Middlewares/ST/STM32_USB_Device_Library/Class/HID/Src/usbd_hid.o
                              0x85a69 (size before relaxing)