../Core/Src/as5600.c:39:17:AS5600_New	16	static
../Core/Src/as5600.c:45:19:AS5600_Init	40	static
../Core/Src/as5600.c:255:19:AS5600_SetStartPosition	40	static
../Core/Src/as5600.c:273:19:AS5600_SetStopPosition	40	static
../Core/Src/as5600.c:291:19:AS5600_SetMaxAngle	40	static
../Core/Src/as5600.c:309:19:AS5600_SetPositiveRotationDirection	24	static
../Core/Src/as5600.c:323:19:AS5600_SetLowPowerMode	40	static
../Core/Src/as5600.c:355:19:AS5600_SetHysteresis	40	static
../Core/Src/as5600.c:387:19:AS5600_SetOutputMode	40	static
../Core/Src/as5600.c:440:19:AS5600_SetSlowFilter	40	static
../Core/Src/as5600.c:472:19:AS5600_SetFastFilterThreshold	40	static
../Core/Src/as5600.c:520:19:AS5600_SetWatchdogTimer	40	static
../Core/Src/as5600.c:544:19:AS5600_GetRawAngle	40	static
../Core/Src/as5600.c:557:19:AS5600_GetAngle	40	static
../Core/Src/as5600.c:571:19:AS5600_GetMagnetStatus	40	static
../Core/Src/as5600.c:582:19:AS5600_GetAGCSetting	40	static
../Core/Src/as5600.c:592:19:AS5600_GetCORDICMagnitude	40	static
